Archive member included to satisfy reference by file (symbol)

C:/Users/ISHAN/Desktop/NEWFOL~1/KO4_AS~1/slprj/ert/_sharedutils/rtwshared.lib(rt_roundd_snf.o)
                              board_parameters.o (rt_roundd_snf)
C:/ProgramData/MATLAB/SupportPackages/R2020b/3P.instrset/cmsis.instrset/CMSIS/RTOS/RTX/LIB/GCC/libRTX_CM4.a(rt_cmsis.o)
                              RTX_Conf_CM.o (osKernelInitialize)
C:/ProgramData/MATLAB/SupportPackages/R2020b/3P.instrset/cmsis.instrset/CMSIS/RTOS/RTX/LIB/GCC/libRTX_CM4.a(hal_cm.o)
                              C:/ProgramData/MATLAB/SupportPackages/R2020b/3P.instrset/cmsis.instrset/CMSIS/RTOS/RTX/LIB/GCC/libRTX_CM4.a(rt_cmsis.o) (rt_ret_val)
C:/ProgramData/MATLAB/SupportPackages/R2020b/3P.instrset/cmsis.instrset/CMSIS/RTOS/RTX/LIB/GCC/libRTX_CM4.a(rt_memory.o)
                              C:/ProgramData/MATLAB/SupportPackages/R2020b/3P.instrset/cmsis.instrset/CMSIS/RTOS/RTX/LIB/GCC/libRTX_CM4.a(rt_cmsis.o) (rt_init_mem)
C:/ProgramData/MATLAB/SupportPackages/R2020b/3P.instrset/cmsis.instrset/CMSIS/RTOS/RTX/LIB/GCC/libRTX_CM4.a(rt_membox.o)
                              C:/ProgramData/MATLAB/SupportPackages/R2020b/3P.instrset/cmsis.instrset/CMSIS/RTOS/RTX/LIB/GCC/libRTX_CM4.a(rt_cmsis.o) (_init_box)
C:/ProgramData/MATLAB/SupportPackages/R2020b/3P.instrset/cmsis.instrset/CMSIS/RTOS/RTX/LIB/GCC/libRTX_CM4.a(rt_mutex.o)
                              C:/ProgramData/MATLAB/SupportPackages/R2020b/3P.instrset/cmsis.instrset/CMSIS/RTOS/RTX/LIB/GCC/libRTX_CM4.a(rt_cmsis.o) (rt_mut_init)
C:/ProgramData/MATLAB/SupportPackages/R2020b/3P.instrset/cmsis.instrset/CMSIS/RTOS/RTX/LIB/GCC/libRTX_CM4.a(rt_time.o)
                              C:/ProgramData/MATLAB/SupportPackages/R2020b/3P.instrset/cmsis.instrset/CMSIS/RTOS/RTX/LIB/GCC/libRTX_CM4.a(rt_cmsis.o) (os_time)
C:/ProgramData/MATLAB/SupportPackages/R2020b/3P.instrset/cmsis.instrset/CMSIS/RTOS/RTX/LIB/GCC/libRTX_CM4.a(rt_semaphore.o)
                              C:/ProgramData/MATLAB/SupportPackages/R2020b/3P.instrset/cmsis.instrset/CMSIS/RTOS/RTX/LIB/GCC/libRTX_CM4.a(rt_cmsis.o) (rt_sem_init)
C:/ProgramData/MATLAB/SupportPackages/R2020b/3P.instrset/cmsis.instrset/CMSIS/RTOS/RTX/LIB/GCC/libRTX_CM4.a(rt_mailbox.o)
                              C:/ProgramData/MATLAB/SupportPackages/R2020b/3P.instrset/cmsis.instrset/CMSIS/RTOS/RTX/LIB/GCC/libRTX_CM4.a(rt_cmsis.o) (rt_mbx_init)
C:/ProgramData/MATLAB/SupportPackages/R2020b/3P.instrset/cmsis.instrset/CMSIS/RTOS/RTX/LIB/GCC/libRTX_CM4.a(rt_list.o)
                              C:/ProgramData/MATLAB/SupportPackages/R2020b/3P.instrset/cmsis.instrset/CMSIS/RTOS/RTX/LIB/GCC/libRTX_CM4.a(rt_cmsis.o) (rt_put_prio)
C:/ProgramData/MATLAB/SupportPackages/R2020b/3P.instrset/cmsis.instrset/CMSIS/RTOS/RTX/LIB/GCC/libRTX_CM4.a(rt_event.o)
                              C:/ProgramData/MATLAB/SupportPackages/R2020b/3P.instrset/cmsis.instrset/CMSIS/RTOS/RTX/LIB/GCC/libRTX_CM4.a(rt_cmsis.o) (rt_evt_wait)
C:/ProgramData/MATLAB/SupportPackages/R2020b/3P.instrset/cmsis.instrset/CMSIS/RTOS/RTX/LIB/GCC/libRTX_CM4.a(rt_system.o)
                              C:/ProgramData/MATLAB/SupportPackages/R2020b/3P.instrset/cmsis.instrset/CMSIS/RTOS/RTX/LIB/GCC/libRTX_CM4.a(rt_cmsis.o) (rt_suspend)
C:/ProgramData/MATLAB/SupportPackages/R2020b/3P.instrset/cmsis.instrset/CMSIS/RTOS/RTX/LIB/GCC/libRTX_CM4.a(rt_task.o)
                              C:/ProgramData/MATLAB/SupportPackages/R2020b/3P.instrset/cmsis.instrset/CMSIS/RTOS/RTX/LIB/GCC/libRTX_CM4.a(rt_system.o) (rt_switch_req)
C:/ProgramData/MATLAB/SupportPackages/R2020b/3P.instrset/cmsis.instrset/CMSIS/RTOS/RTX/LIB/GCC/libRTX_CM4.a(hal_cm4.o)
                              C:/ProgramData/MATLAB/SupportPackages/R2020b/3P.instrset/cmsis.instrset/CMSIS/RTOS/RTX/LIB/GCC/libRTX_CM4.a(rt_task.o) (rt_get_PSP)
C:/ProgramData/MATLAB/SupportPackages/R2020b/3P.instrset/cmsis.instrset/CMSIS/RTOS/RTX/LIB/GCC/libRTX_CM4.a(svc_table.o)
                              C:/ProgramData/MATLAB/SupportPackages/R2020b/3P.instrset/cmsis.instrset/CMSIS/RTOS/RTX/LIB/GCC/libRTX_CM4.a(hal_cm4.o) (SVC_Table)
C:/ProgramData/MATLAB/SupportPackages/R2020b/3P.instrset/cmsis.instrset/CMSIS/RTOS/RTX/LIB/GCC/libRTX_CM4.a(rt_robin.o)
                              C:/ProgramData/MATLAB/SupportPackages/R2020b/3P.instrset/cmsis.instrset/CMSIS/RTOS/RTX/LIB/GCC/libRTX_CM4.a(rt_system.o) (os_robin)
C:/ProgramData/MATLAB/SupportPackages/R2020b/toolbox/target/supportpackages/freedomk64f/src/ksdk_armgcc_lib/bm/libksdk_platform.a(fsl_os_abstraction_bm.o)
                              MW_SCI.o (OSA_SemaPost)
C:/ProgramData/MATLAB/SupportPackages/R2020b/toolbox/target/supportpackages/freedomk64f/src/ksdk_armgcc_lib/bm/libksdk_platform.a(fsl_clock_manager.o)
                              board.o (CLOCK_SYS_OscInit)
C:/ProgramData/MATLAB/SupportPackages/R2020b/toolbox/target/supportpackages/freedomk64f/src/ksdk_armgcc_lib/bm/libksdk_platform.a(fsl_clock_manager_common.o)
[...]
Memory Configuration

Name             Origin             Length             Attributes
m_interrupts     0x00000000         0x00000400         xr
m_flash_config   0x00000400         0x00000010         xr
m_text           0x00000410         0x000ffbf0         xr
m_data_2         0x1fff0000         0x00010000         rw
m_data           0x20000000         0x00030000         rw
*default*        0x00000000         0xffffffff

Linker script and memory map

LOAD c:/progra~3/matlab/suppor~1/r2020b/3p778c~1.ins/gnuarm~1.ins/win/bin/../lib/gcc/arm-none-eabi/7.2.1/thumb/v7e-m/fpv4-sp/hard/crti.o
LOAD c:/progra~3/matlab/suppor~1/r2020b/3p778c~1.ins/gnuarm~1.ins/win/bin/../lib/gcc/arm-none-eabi/7.2.1/thumb/v7e-m/fpv4-sp/hard/crtbegin.o
LOAD c:/progra~3/matlab/suppor~1/r2020b/3p778c~1.ins/gnuarm~1.ins/win/bin/../lib/gcc/arm-none-eabi/7.2.1/../../../../arm-none-eabi/lib/thumb/v7e-m/fpv4-sp/hard/crt0.o
LOAD MW_I2C.o
LOAD MW_PWM.o
LOAD MW_SCI.o
LOAD MW_digitalIO.o
LOAD RTX_Conf_CM.o
LOAD board.o
LOAD board_parameters.o
LOAD board_parameters_data.o
LOAD cmsis_rtos_init.o
LOAD ert_main.o
LOAD fsl_edma_irq.o
LOAD fsl_misc_utilities.o
LOAD fsl_uart_irq.o
LOAD hardware_init.o
LOAD i2c_api.o
LOAD irq_stub.o
LOAD mw_sdk_interface.o
LOAD mw_semaphore.o
LOAD mw_signal.o
LOAD mw_thread.o
LOAD mw_timer.o
LOAD pin_mux.o
LOAD sbrk.o
LOAD send_params.o
LOAD startup.o
LOAD startup_MK64F12.o
LOAD system_MK64F12.o
LOAD C:/Users/ISHAN/Desktop/NEWFOL~1/KO4_AS~1/slprj/ert/_sharedutils/rtwshared.lib
LOAD C:/ProgramData/MATLAB/SupportPackages/R2020b/3P.instrset/cmsis.instrset/CMSIS/Lib/GCC/libarm_cortexM4lf_math.a
LOAD C:/ProgramData/MATLAB/SupportPackages/R2020b/3P.instrset/cmsis.instrset/CMSIS/RTOS/RTX/LIB/GCC/libRTX_CM4.a
LOAD C:/ProgramData/MATLAB/SupportPackages/R2020b/toolbox/target/supportpackages/freedomk64f/src/ksdk_armgcc_lib/bm/libksdk_platform.a
LOAD c:/progra~3/matlab/suppor~1/r2020b/3p778c~1.ins/gnuarm~1.ins/win/bin/../lib/gcc/arm-none-eabi/7.2.1/../../../../arm-none-eabi/lib/thumb/v7e-m/fpv4-sp/hard\libstdc++.a
LOAD c:/progra~3/matlab/suppor~1/r2020b/3p778c~1.ins/gnuarm~1.ins/win/bin/../lib/gcc/arm-none-eabi/7.2.1/../../../../arm-none-eabi/lib/thumb/v7e-m/fpv4-sp/hard\libm.a
START GROUP
LOAD c:/progra~3/matlab/suppor~1/r2020b/3p778c~1.ins/gnuarm~1.ins/win/bin/../lib/gcc/arm-none-eabi/7.2.1/thumb/v7e-m/fpv4-sp/hard\libgcc.a
LOAD c:/progra~3/matlab/suppor~1/r2020b/3p778c~1.ins/gnuarm~1.ins/win/bin/../lib/gcc/arm-none-eabi/7.2.1/../../../../arm-none-eabi/lib/thumb/v7e-m/fpv4-sp/hard\libg.a
LOAD c:/progra~3/matlab/suppor~1/r2020b/3p778c~1.ins/gnuarm~1.ins/win/bin/../lib/gcc/arm-none-eabi/7.2.1/../../../../arm-none-eabi/lib/thumb/v7e-m/fpv4-sp/hard\libc.a
END GROUP
START GROUP
LOAD c:/progra~3/matlab/suppor~1/r2020b/3p778c~1.ins/gnuarm~1.ins/win/bin/../lib/gcc/arm-none-eabi/7.2.1/thumb/v7e-m/fpv4-sp/hard\libgcc.a
LOAD c:/progra~3/matlab/suppor~1/r2020b/3p778c~1.ins/gnuarm~1.ins/win/bin/../lib/gcc/arm-none-eabi/7.2.1/../../../../arm-none-eabi/lib/thumb/v7e-m/fpv4-sp/hard\libc.a
LOAD c:/progra~3/matlab/suppor~1/r2020b/3p778c~1.ins/gnuarm~1.ins/win/bin/../lib/gcc/arm-none-eabi/7.2.1/../../../../arm-none-eabi/lib/thumb/v7e-m/fpv4-sp/hard\libnosys.a
END GROUP
LOAD c:/progra~3/matlab/suppor~1/r2020b/3p778c~1.ins/gnuarm~1.ins/win/bin/../lib/gcc/arm-none-eabi/7.2.1/thumb/v7e-m/fpv4-sp/hard/crtend.o
LOAD c:/progra~3/matlab/suppor~1/r2020b/3p778c~1.ins/gnuarm~1.ins/win/bin/../lib/gcc/arm-none-eabi/7.2.1/thumb/v7e-m/fpv4-sp/hard/crtn.o
                0x00000400                HEAP_SIZE = DEFINED (__heap_size__)?__heap_size__:0x400
                0x00000400                STACK_SIZE = DEFINED (__stack_size__)?__stack_size__:0x400
                0x00000000                M_VECTOR_RAM_SIZE = DEFINED (__ram_vector_table__)?0x400:0x0

.interrupts     0x00000000      0x400
                0x00000000                __VECTOR_TABLE = .
                0x00000000                . = ALIGN (0x4)
 *(.isr_vector)
 .isr_vector    0x00000000      0x400 startup_MK64F12.o
                0x00000000                __isr_vector
                0x00000400                . = ALIGN (0x4)

.flash_config   0x00000400       0x10
                0x00000400                . = ALIGN (0x4)
 *(.FlashConfig)
 .FlashConfig   0x00000400       0x10 startup_MK64F12.o
                0x00000410                . = ALIGN (0x4)

.text           0x00000440    0x101e0
                0x00000440                . = ALIGN (0x4)
 *(.text)
 .text          0x00000440       0x40 c:/progra~3/matlab/suppor~1/r2020b/3p778c~1.ins/gnuarm~1.ins/win/bin/../lib/gcc/arm-none-eabi/7.2.1/thumb/v7e-m/fpv4-sp/hard/crtbegin.o
 .text          0x00000480       0x74 c:/progra~3/matlab/suppor~1/r2020b/3p778c~1.ins/gnuarm~1.ins/win/bin/../lib/gcc/arm-none-eabi/7.2.1/../../../../arm-none-eabi/lib/thumb/v7e-m/fpv4-sp/hard/crt0.o
                0x00000480                _start
                0x00000480                _mainCRTStartup
 .text          0x000004f4       0x14 startup_MK64F12.o
                0x000004f4                Reset_Handler
                0x00000504                ENET_Receive_IRQHandler
                0x00000504                ENET_1588_Timer_IRQHandler
                0x00000504                DefaultISR
                0x00000504                PIT2_IRQHandler
                0x00000504                PIT0_IRQHandler
                0x00000504                ENET_Error_IRQHandler
                0x00000504                PIT3_IRQHandler
                0x00000504                SDHC_IRQHandler
                0x00000504                ENET_Transmit_IRQHandler
                0x00000504                PIT1_IRQHandler
 .text          0x00000508      0x198 C:/ProgramData/MATLAB/SupportPackages/R2020b/3P.instrset/cmsis.instrset/CMSIS/RTOS/RTX/LIB/GCC/libRTX_CM4.a(hal_cm4.o)
                0x00000508                rt_set_PSP
                0x0000050e                rt_get_PSP
                0x00000514                os_set_env
                0x0000052c                _alloc_box
                0x00000548                _free_box
                0x00000564                SVC_Handler
                0x0000060a                PendSV_Handler
                0x00000610                Sys_Switch
                0x0000066a                SysTick_Handler
                0x00000674                OS_Tick_Handler
 .text          0x000006a0      0x378 c:/progra~3/matlab/suppor~1/r2020b/3p778c~1.ins/gnuarm~1.ins/win/bin/../lib/gcc/arm-none-eabi/7.2.1/thumb/v7e-m/fpv4-sp/hard\libgcc.a(_arm_addsubdf3.o)
                0x000006a0                __aeabi_drsub
                0x000006a8                __aeabi_dsub
                0x000006a8                __subdf3
                0x000006ac                __aeabi_dadd
                0x000006ac                __adddf3
                0x00000924                __floatunsidf
                0x00000924                __aeabi_ui2d
                0x00000944                __floatsidf
                0x00000944                __aeabi_i2d
                0x00000968                __aeabi_f2d
                0x00000968                __extendsfdf2
                0x000009ac                __floatundidf
                0x000009ac                __aeabi_ul2d
                0x000009bc                __floatdidf
                0x000009bc                __aeabi_l2d
 .text          0x00000a18      0x424 c:/progra~3/matlab/suppor~1/r2020b/3p778c~1.ins/gnuarm~1.ins/win/bin/../lib/gcc/arm-none-eabi/7.2.1/thumb/v7e-m/fpv4-sp/hard\libgcc.a(_arm_muldivdf3.o)
                0x00000a18                __aeabi_dmul
                0x00000a18                __muldf3
                0x00000c6c                __divdf3
                0x00000c6c                __aeabi_ddiv
 .text          0x00000e3c      0x110 c:/progra~3/matlab/suppor~1/r2020b/3p778c~1.ins/gnuarm~1.ins/win/bin/../lib/gcc/arm-none-eabi/7.2.1/thumb/v7e-m/fpv4-sp/hard\libgcc.a(_arm_cmpdf2.o)
                0x00000e3c                __gtdf2
                0x00000e3c                __gedf2
                0x00000e44                __ltdf2
                0x00000e44                __ledf2
                0x00000e4c                __nedf2
                0x00000e4c                __eqdf2
                0x00000e4c                __cmpdf2
                0x00000ec8                __aeabi_cdrcmple
                0x00000ed8                __aeabi_cdcmpeq
                0x00000ed8                __aeabi_cdcmple
                0x00000ee8                __aeabi_dcmpeq
                0x00000efc                __aeabi_dcmplt
                0x00000f10                __aeabi_dcmple
                0x00000f24                __aeabi_dcmpge
                0x00000f38                __aeabi_dcmpgt
 .text          0x00000f4c       0x50 c:/progra~3/matlab/suppor~1/r2020b/3p778c~1.ins/gnuarm~1.ins/win/bin/../lib/gcc/arm-none-eabi/7.2.1/thumb/v7e-m/fpv4-sp/hard\libgcc.a(_arm_fixdfsi.o)
                0x00000f4c                __aeabi_d2iz
                0x00000f4c                __fixdfsi
 .text          0x00000f9c       0x40 c:/progra~3/matlab/suppor~1/r2020b/3p778c~1.ins/gnuarm~1.ins/win/bin/../lib/gcc/arm-none-eabi/7.2.1/thumb/v7e-m/fpv4-sp/hard\libgcc.a(_arm_fixunsdfsi.o)
                0x00000f9c                __aeabi_d2uiz
                0x00000f9c                __fixunsdfsi
 .text          0x00000fdc       0xa0 c:/progra~3/matlab/suppor~1/r2020b/3p778c~1.ins/gnuarm~1.ins/win/bin/../lib/gcc/arm-none-eabi/7.2.1/thumb/v7e-m/fpv4-sp/hard\libgcc.a(_arm_truncdfsf2.o)
                0x00000fdc                __truncdfsf2
                0x00000fdc                __aeabi_d2f
 .text          0x0000107c       0x30 c:/progra~3/matlab/suppor~1/r2020b/3p778c~1.ins/gnuarm~1.ins/win/bin/../lib/gcc/arm-none-eabi/7.2.1/thumb/v7e-m/fpv4-sp/hard\libgcc.a(_aeabi_uldivmod.o)
                0x0000107c                __aeabi_uldivmod
 .text          0x000010ac      0x2cc c:/progra~3/matlab/suppor~1/r2020b/3p778c~1.ins/gnuarm~1.ins/win/bin/../lib/gcc/arm-none-eabi/7.2.1/thumb/v7e-m/fpv4-sp/hard\libgcc.a(_udivmoddi4.o)
                0x000010ac                __udivmoddi4
 .text          0x00001378      0x9ec c:/progra~3/matlab/suppor~1/r2020b/3p778c~1.ins/gnuarm~1.ins/win/bin/../lib/gcc/arm-none-eabi/7.2.1/thumb/v7e-m/fpv4-sp/hard\libgcc.a(unwind-arm.o)
                0x0000162c                _Unwind_GetCFA
                0x00001630                __gnu_Unwind_RaiseException
                0x00001690                __gnu_Unwind_ForcedUnwind
                0x000016a4                __gnu_Unwind_Resume
                0x000016e8                __gnu_Unwind_Resume_or_Rethrow
                0x000016f8                _Unwind_Complete
                0x000016fc                _Unwind_DeleteException
                0x00001708                _Unwind_VRS_Get
                0x0000174c                _Unwind_VRS_Set
                0x00001794                __gnu_Unwind_Backtrace
                0x00001ad8                __aeabi_unwind_cpp_pr0
                0x00001adc                __aeabi_unwind_cpp_pr1
                0x00001ae0                __aeabi_unwind_cpp_pr2
                0x00001ae4                _Unwind_VRS_Pop
 .text          0x00001d64      0x1ac c:/progra~3/matlab/suppor~1/r2020b/3p778c~1.ins/gnuarm~1.ins/win/bin/../lib/gcc/arm-none-eabi/7.2.1/thumb/v7e-m/fpv4-sp/hard\libgcc.a(libunwind.o)
                0x00001d64                __restore_core_regs
                0x00001d64                restore_core_regs
                0x00001d7c                __gnu_Unwind_Restore_VFP
                0x00001d84                __gnu_Unwind_Save_VFP
                0x00001d8c                __gnu_Unwind_Restore_VFP_D
                0x00001d94                __gnu_Unwind_Save_VFP_D
                0x00001d9c                __gnu_Unwind_Restore_VFP_D_16_to_31
                0x00001da4                __gnu_Unwind_Save_VFP_D_16_to_31
                0x00001dac                __gnu_Unwind_Restore_WMMXD
                0x00001df0                __gnu_Unwind_Save_WMMXD
                0x00001e34                __gnu_Unwind_Restore_WMMXC
                0x00001e48                __gnu_Unwind_Save_WMMXC
                0x00001e5c                ___Unwind_RaiseException
                0x00001e5c                _Unwind_RaiseException
                0x00001e80                _Unwind_Resume
                0x00001e80                ___Unwind_Resume
                0x00001ea4                _Unwind_Resume_or_Rethrow
                0x00001ea4                ___Unwind_Resume_or_Rethrow
                0x00001ec8                _Unwind_ForcedUnwind
                0x00001ec8                ___Unwind_ForcedUnwind
                0x00001eec                ___Unwind_Backtrace
                0x00001eec                _Unwind_Backtrace
 .text          0x00001f10      0x374 c:/progra~3/matlab/suppor~1/r2020b/3p778c~1.ins/gnuarm~1.ins/win/bin/../lib/gcc/arm-none-eabi/7.2.1/thumb/v7e-m/fpv4-sp/hard\libgcc.a(pr-support.o)
                0x00001f68                __gnu_unwind_execute
                0x0000222c                __gnu_unwind_frame
                0x00002254                _Unwind_GetRegionStart
                0x00002260                _Unwind_GetLanguageSpecificData
                0x00002274                _Unwind_GetDataRelBase
                0x0000227c                _Unwind_GetTextRelBase
 .text          0x00002284        0x4 c:/progra~3/matlab/suppor~1/r2020b/3p778c~1.ins/gnuarm~1.ins/win/bin/../lib/gcc/arm-none-eabi/7.2.1/thumb/v7e-m/fpv4-sp/hard\libgcc.a(_dvmd_tls.o)
                0x00002284                __aeabi_idiv0
                0x00002284                __aeabi_ldiv0
 .text          0x00002288      0x134 c:/progra~3/matlab/suppor~1/r2020b/3p778c~1.ins/gnuarm~1.ins/win/bin/../lib/gcc/arm-none-eabi/7.2.1/../../../../arm-none-eabi/lib/thumb/v7e-m/fpv4-sp/hard\libg.a(lib_a-memcpy.o)
                0x00002288                memcpy
 *fill*         0x000023bc        0x4 
 .text          0x000023c0       0xa0 c:/progra~3/matlab/suppor~1/r2020b/3p778c~1.ins/gnuarm~1.ins/win/bin/../lib/gcc/arm-none-eabi/7.2.1/../../../../arm-none-eabi/lib/thumb/v7e-m/fpv4-sp/hard\libg.a(lib_a-memchr.o)
                0x000023c0                memchr
 *fill*         0x00002460       0x20 
 .text          0x00002480       0xdc c:/progra~3/matlab/suppor~1/r2020b/3p778c~1.ins/gnuarm~1.ins/win/bin/../lib/gcc/arm-none-eabi/7.2.1/../../../../arm-none-eabi/lib/thumb/v7e-m/fpv4-sp/hard\libg.a(lib_a-strlen.o)
                0x00002480                strlen
 *(.text*)
 .text.MW_I2C_Open
                0x0000255c       0x48 MW_I2C.o
                0x0000255c                MW_I2C_Open
 .text.MW_I2C_SetBusSpeed
                0x000025a4       0x2e MW_I2C.o
                0x000025a4                MW_I2C_SetBusSpeed
 .text.MW_I2C_MasterRead
                0x000025d2       0x68 MW_I2C.o
                0x000025d2                MW_I2C_MasterRead
 .text.MW_I2C_MasterWrite
                0x0000263a       0x68 MW_I2C.o
                0x0000263a                MW_I2C_MasterWrite
 .text.MW_I2C_Close
                0x000026a2       0x14 MW_I2C.o
                0x000026a2                MW_I2C_Close
 *fill*         0x000026b6        0x2 
 .text.PORT_HAL_SetMuxMode
                0x000026b8       0x58 MW_PWM.o
 .text.FTM_HAL_SetClockSource
                0x00002710       0x2e MW_PWM.o
 *fill*         0x0000273e        0x2 
 .text.MW_PWM_Open
                0x00002740      0x164 MW_PWM.o
                0x00002740                MW_PWM_Open
 .text.MW_PWM_Start
                0x000028a4       0x14 MW_PWM.o
                0x000028a4                MW_PWM_Start
 .text.MW_PWM_SetDutyCycle
                0x000028b8       0x7c MW_PWM.o
                0x000028b8                MW_PWM_SetDutyCycle
 .text.MW_PWM_Stop
                0x00002934       0x2c MW_PWM.o
                0x00002934                MW_PWM_Stop
 .text.MW_PWM_Close
                0x00002960       0x14 MW_PWM.o
                0x00002960                MW_PWM_Close
 .text.EDMA_HAL_HTCDSetDestAddr
                0x00002974       0x48 MW_SCI.o
 .text.EDMA_HAL_HTCDSetIntCmd
                0x000029bc       0x54 MW_SCI.o
 .text.MW_SCI_Open
                0x00002a10      0x5ac MW_SCI.o
                0x00002a10                MW_SCI_Open
 .text.MW_SCI_SetBaudrate
                0x00002fbc       0x18 MW_SCI.o
                0x00002fbc                MW_SCI_SetBaudrate
 .text.MW_SCI_SetFrameFormat
                0x00002fd4       0x28 MW_SCI.o
                0x00002fd4                MW_SCI_SetFrameFormat
 .text.MW_SCI_Receive
                0x00002ffc       0xa4 MW_SCI.o
                0x00002ffc                MW_SCI_Receive
 .text.MW_SCI_Transmit
                0x000030a0       0x80 MW_SCI.o
                0x000030a0                MW_SCI_Transmit
 .text.MW_SCI_Close
                0x00003120       0x14 MW_SCI.o
                0x00003120                MW_SCI_Close
 .text.MW_UART_DRV_EdmaStartReceiveData
                0x00003134       0xac MW_SCI.o
 .text.MW_UART_DRV_EdmaRxCallback
                0x000031e0       0x1c MW_SCI.o
 .text.MW_UART_DRV_EdmaCompleteReceiveData
                0x000031fc      0x124 MW_SCI.o
 .text.MW_digitalIO_open
                0x00003320       0xe0 MW_digitalIO.o
                0x00003320                MW_digitalIO_open
 .text.MW_digitalIO_read
                0x00003400       0x70 MW_digitalIO.o
                0x00003400                MW_digitalIO_read
 .text.MW_digitalIO_write
                0x00003470       0x7e MW_digitalIO.o
                0x00003470                MW_digitalIO_write
 .text.MW_digitalIO_close
                0x000034ee       0x3c MW_digitalIO.o
                0x000034ee                MW_digitalIO_close
 .text.os_idle_demon
                0x0000352a        0x6 RTX_Conf_CM.o
                0x0000352a                os_idle_demon
 .text.os_error
                0x00003530       0x2c RTX_Conf_CM.o
                0x00003530                os_error
 .text.rt_init_robin
                0x0000355c        0x2 RTX_Conf_CM.o
                0x0000355c                rt_init_robin
 .text.rt_chk_robin
                0x0000355e        0x2 RTX_Conf_CM.o
                0x0000355e                rt_chk_robin
 .text.software_init_hook
                0x00003560       0x34 RTX_Conf_CM.o
                0x00003560                software_init_hook
 .text.PORT_HAL_SetMuxMode
                0x00003594       0x58 board.o
 .text.SMC_HAL_SetProtection
                0x000035ec       0x1e board.o
 *fill*         0x0000360a        0x2 
 .text.BOARD_InitOsc0
                0x0000360c       0x30 board.o
                0x0000360c                BOARD_InitOsc0
 .text.BOARD_InitRtcOsc
                0x0000363c       0x28 board.o
                0x0000363c                BOARD_InitRtcOsc
 .text.BOARD_ClockInit
                0x00003664       0x34 board.o
                0x00003664                BOARD_ClockInit
 .text.rate_monotonic_scheduler
                0x00003698       0x2c board_parameters.o
 .text.function_handle_parenReference
                0x000036c4       0xb4 board_parameters.o
 .text.board_parameters_VRP_WAITING
                0x00003778       0x94 board_parameters.o
 .text.board_parameters_CHARGING_h
                0x0000380c      0x11c board_parameters.o
 .text.board_parameters_CHARGING
                0x00003928      0x11c board_parameters.o
 .text.board_paramet_ATRIAL_CHARGING_c
                0x00003a44       0xdc board_parameters.o
 .text.board_parameter_ATRIAL_CHARGING
                0x00003b20       0xdc board_parameters.o
 .text.board_parameters_ATR_CHARGING
                0x00003bfc       0xec board_parameters.o
 .text.board_paramete_VENT_CHARGING_fa
                0x00003ce8       0xb4 board_parameters.o
 .text.board_parameters_ATR_CHARGING_j
                0x00003d9c       0xec board_parameters.o
 .text.board_paramet_VENT_CHARGING_fac
                0x00003e88       0xb4 board_parameters.o
 .text.board_parameters_Start
                0x00003f3c      0x158 board_parameters.o
 .text.board_parame_VENT_CHARGING_fach
                0x00004094       0xdc board_parameters.o
 .text.board_parameters_VENT_CHARGING
                0x00004170       0xdc board_parameters.o
 .text.board_param_VENT_CHARGING_facho
                0x0000424c      0x11c board_parameters.o
 .text.board_parameters_VRP_WAITING_d
                0x00004368       0x94 board_parameters.o
 .text.board_parameter_VENT_CHARGING_f
                0x000043fc      0x12c board_parameters.o
 .text.board_param_SystemCore_setup_dt
                0x00004528      0x1a0 board_parameters.o
 .text.board_parame_SystemCore_setup_d
                0x000046c8       0x80 board_parameters.o
 .text.board_parameters_step0
                0x00004748        0xc board_parameters.o
                0x00004748                board_parameters_step0
 *fill*         0x00004754        0x4 
 .text.board_parameters_step1
                0x00004758     0x1cc4 board_parameters.o
                0x00004758                board_parameters_step1
 .text.board_parameters_step
                0x0000641c       0x28 board_parameters.o
                0x0000641c                board_parameters_step
 *fill*         0x00006444        0x4 
 .text.board_parameters_initialize
                0x00006448      0x730 board_parameters.o
                0x00006448                board_parameters_initialize
 .text.board_parameters_terminate
                0x00006b78      0x45c board_parameters.o
                0x00006b78                board_parameters_terminate
 .text.schedulerTask
                0x00006fd4       0x1c cmsis_rtos_init.o
                0x00006fd4                schedulerTask
 .text.mw_initSignalEvents
                0x00006ff0       0x78 cmsis_rtos_init.o
                0x00006ff0                mw_initSignalEvents
 .text.mw_RTOSInit
                0x00007068      0x108 cmsis_rtos_init.o
                0x00007068                mw_RTOSInit
 .text.subrateTask
                0x00007170       0x60 ert_main.o
                0x00007170                subrateTask
 .text.baseRateTask
                0x000071d0       0x8c ert_main.o
                0x000071d0                baseRateTask
 .text.terminateTask
                0x0000725c       0x9c ert_main.o
                0x0000725c                terminateTask
 .text.main     0x000072f8       0x54 ert_main.o
                0x000072f8                main
 .text.DMA0_IRQHandler
                0x0000734c        0xe fsl_edma_irq.o
                0x0000734c                DMA0_IRQHandler
 .text.DMA1_IRQHandler
                0x0000735a        0xe fsl_edma_irq.o
                0x0000735a                DMA1_IRQHandler
 .text.DMA2_IRQHandler
                0x00007368        0xe fsl_edma_irq.o
                0x00007368                DMA2_IRQHandler
 .text.DMA3_IRQHandler
                0x00007376        0xe fsl_edma_irq.o
                0x00007376                DMA3_IRQHandler
 .text.DMA4_IRQHandler
                0x00007384        0xe fsl_edma_irq.o
                0x00007384                DMA4_IRQHandler
 .text.DMA5_IRQHandler
                0x00007392        0xe fsl_edma_irq.o
                0x00007392                DMA5_IRQHandler
 .text.DMA6_IRQHandler
                0x000073a0        0xe fsl_edma_irq.o
                0x000073a0                DMA6_IRQHandler
 .text.DMA7_IRQHandler
                0x000073ae        0xe fsl_edma_irq.o
                0x000073ae                DMA7_IRQHandler
 .text.DMA8_IRQHandler
                0x000073bc        0xe fsl_edma_irq.o
                0x000073bc                DMA8_IRQHandler
 .text.DMA9_IRQHandler
                0x000073ca        0xe fsl_edma_irq.o
                0x000073ca                DMA9_IRQHandler
 .text.DMA10_IRQHandler
                0x000073d8        0xe fsl_edma_irq.o
                0x000073d8                DMA10_IRQHandler
 .text.DMA11_IRQHandler
                0x000073e6        0xe fsl_edma_irq.o
                0x000073e6                DMA11_IRQHandler
 .text.DMA12_IRQHandler
                0x000073f4        0xe fsl_edma_irq.o
                0x000073f4                DMA12_IRQHandler
 .text.DMA13_IRQHandler
                0x00007402        0xe fsl_edma_irq.o
                0x00007402                DMA13_IRQHandler
 .text.DMA14_IRQHandler
                0x00007410        0xe fsl_edma_irq.o
                0x00007410                DMA14_IRQHandler
 .text.DMA15_IRQHandler
                0x0000741e        0xe fsl_edma_irq.o
                0x0000741e                DMA15_IRQHandler
 .text.DMA_Error_IRQHandler
                0x0000742c        0xe fsl_edma_irq.o
                0x0000742c                DMA_Error_IRQHandler
 .text.UART0_RX_TX_IRQHandler
                0x0000743a        0xe fsl_uart_irq.o
                0x0000743a                UART0_RX_TX_IRQHandler
 .text.UART1_RX_TX_IRQHandler
                0x00007448        0xe fsl_uart_irq.o
                0x00007448                UART1_RX_TX_IRQHandler
 .text.UART2_RX_TX_IRQHandler
                0x00007456        0xe fsl_uart_irq.o
                0x00007456                UART2_RX_TX_IRQHandler
 .text.UART3_RX_TX_IRQHandler
                0x00007464        0xe fsl_uart_irq.o
                0x00007464                UART3_RX_TX_IRQHandler
 .text.UART4_RX_TX_IRQHandler
                0x00007472        0xe fsl_uart_irq.o
                0x00007472                UART4_RX_TX_IRQHandler
 .text.UART5_RX_TX_IRQHandler
                0x00007480        0xe fsl_uart_irq.o
                0x00007480                UART5_RX_TX_IRQHandler
 .text.hardware_init
                0x0000748e       0x30 hardware_init.o
                0x0000748e                hardware_init
 .text.CLOCK_SYS_GetI2cFreq
                0x000074be       0x16 i2c_api.o
 .text.I2C_HAL_Enable
                0x000074d4       0x24 i2c_api.o
 .text.I2C_HAL_SendAck
                0x000074f8       0x24 i2c_api.o
 .text.I2C_HAL_SendNak
                0x0000751c       0x24 i2c_api.o
 .text.I2C_HAL_SetDirMode
                0x00007540       0x2a i2c_api.o
 .text.I2C_HAL_ReadByte
                0x0000756a       0x1a i2c_api.o
 .text.I2C_HAL_WriteByte
                0x00007584       0x1e i2c_api.o
 .text.I2C_HAL_GetStatusFlag
                0x000075a2       0x34 i2c_api.o
 .text.I2C_HAL_IsMaster
                0x000075d6       0x2e i2c_api.o
 .text.I2C_HAL_SetIntCmd
                0x00007604       0x28 i2c_api.o
 .text.I2C_HAL_ClearInt
                0x0000762c       0x1a i2c_api.o
 *fill*         0x00007646        0x2 
 .text.PORT_HAL_SetOpenDrainCmd
                0x00007648       0x4c i2c_api.o
 .text.PORT_HAL_SetMuxMode
                0x00007694       0x58 i2c_api.o
 .text.i2c_init
                0x000076ec       0x54 i2c_api.o
                0x000076ec                i2c_init
 .text.i2c_start
                0x00007740       0x28 i2c_api.o
                0x00007740                i2c_start
 .text.i2c_stop
                0x00007768       0x4c i2c_api.o
                0x00007768                i2c_stop
 .text.timeout_status_poll
                0x000077b4       0x58 i2c_api.o
 .text.i2c_wait_end_tx_transfer
                0x0000780c       0x54 i2c_api.o
 .text.i2c_wait_end_rx_transfer
                0x00007860       0x3c i2c_api.o
 .text.i2c_do_write
                0x0000789c       0x38 i2c_api.o
 .text.i2c_do_read
                0x000078d4       0x50 i2c_api.o
 .text.i2c_frequency
                0x00007924       0x50 i2c_api.o
                0x00007924                i2c_frequency
 .text.i2c_read
                0x00007974       0xe0 i2c_api.o
                0x00007974                i2c_read
 .text.i2c_write
                0x00007a54       0x90 i2c_api.o
                0x00007a54                i2c_write
 .text.configure_i2c_pins
                0x00007ae4       0x78 i2c_api.o
                0x00007ae4                configure_i2c_pins
 .text.NMI_Handler
                0x00007b5c        0x6 irq_stub.o
                0x00007b5c                NMI_Handler
 .text.HardFault_Handler
                0x00007b62        0x6 irq_stub.o
                0x00007b62                HardFault_Handler
 .text.MemManage_Handler
                0x00007b68        0x6 irq_stub.o
                0x00007b68                MemManage_Handler
 .text.BusFault_Handler
                0x00007b6e        0x6 irq_stub.o
                0x00007b6e                BusFault_Handler
 .text.UsageFault_Handler
                0x00007b74        0x6 irq_stub.o
                0x00007b74                UsageFault_Handler
 .text.DebugMon_Handler
                0x00007b7a        0x6 irq_stub.o
                0x00007b7a                DebugMon_Handler
 .text.MCM_IRQHandler
                0x00007b80        0x6 irq_stub.o
                0x00007b80                MCM_IRQHandler
 .text.FTFE_IRQHandler
                0x00007b86        0x6 irq_stub.o
                0x00007b86                FTFE_IRQHandler
 .text.Read_Collision_IRQHandler
                0x00007b8c        0x6 irq_stub.o
                0x00007b8c                Read_Collision_IRQHandler
 .text.LVD_LVW_IRQHandler
                0x00007b92        0x6 irq_stub.o
                0x00007b92                LVD_LVW_IRQHandler
 .text.LLWU_IRQHandler
                0x00007b98        0x6 irq_stub.o
                0x00007b98                LLWU_IRQHandler
 .text.WDOG_EWM_IRQHandler
                0x00007b9e        0x6 irq_stub.o
                0x00007b9e                WDOG_EWM_IRQHandler
 .text.RNG_IRQHandler
                0x00007ba4        0x6 irq_stub.o
                0x00007ba4                RNG_IRQHandler
 .text.I2C0_IRQHandler
                0x00007baa        0x6 irq_stub.o
                0x00007baa                I2C0_IRQHandler
 .text.I2C1_IRQHandler
                0x00007bb0        0x6 irq_stub.o
                0x00007bb0                I2C1_IRQHandler
 .text.SPI0_IRQHandler
                0x00007bb6        0x6 irq_stub.o
                0x00007bb6                SPI0_IRQHandler
 .text.SPI1_IRQHandler
                0x00007bbc        0x6 irq_stub.o
                0x00007bbc                SPI1_IRQHandler
 .text.I2S0_Tx_IRQHandler
                0x00007bc2        0x6 irq_stub.o
                0x00007bc2                I2S0_Tx_IRQHandler
 .text.I2S0_Rx_IRQHandler
                0x00007bc8        0x6 irq_stub.o
                0x00007bc8                I2S0_Rx_IRQHandler
 .text.UART0_LON_IRQHandler
                0x00007bce        0x6 irq_stub.o
                0x00007bce                UART0_LON_IRQHandler
 .text.UART0_ERR_IRQHandler
                0x00007bd4        0x6 irq_stub.o
                0x00007bd4                UART0_ERR_IRQHandler
 .text.UART1_ERR_IRQHandler
                0x00007bda        0x6 irq_stub.o
                0x00007bda                UART1_ERR_IRQHandler
 .text.UART2_ERR_IRQHandler
                0x00007be0        0x6 irq_stub.o
                0x00007be0                UART2_ERR_IRQHandler
 .text.UART3_ERR_IRQHandler
                0x00007be6        0x6 irq_stub.o
                0x00007be6                UART3_ERR_IRQHandler
 .text.ADC0_IRQHandler
                0x00007bec        0x6 irq_stub.o
                0x00007bec                ADC0_IRQHandler
 .text.CMP0_IRQHandler
                0x00007bf2        0x6 irq_stub.o
                0x00007bf2                CMP0_IRQHandler
 .text.CMP1_IRQHandler
                0x00007bf8        0x6 irq_stub.o
                0x00007bf8                CMP1_IRQHandler
 .text.FTM0_IRQHandler
                0x00007bfe        0x6 irq_stub.o
                0x00007bfe                FTM0_IRQHandler
 .text.FTM1_IRQHandler
                0x00007c04        0x6 irq_stub.o
                0x00007c04                FTM1_IRQHandler
 .text.FTM2_IRQHandler
                0x00007c0a        0x6 irq_stub.o
                0x00007c0a                FTM2_IRQHandler
 .text.CMT_IRQHandler
                0x00007c10        0x6 irq_stub.o
                0x00007c10                CMT_IRQHandler
 .text.RTC_IRQHandler
                0x00007c16        0x6 irq_stub.o
                0x00007c16                RTC_IRQHandler
 .text.RTC_Seconds_IRQHandler
                0x00007c1c        0x6 irq_stub.o
                0x00007c1c                RTC_Seconds_IRQHandler
 .text.PDB0_IRQHandler
                0x00007c22        0x6 irq_stub.o
                0x00007c22                PDB0_IRQHandler
 .text.USB0_IRQHandler
                0x00007c28        0x6 irq_stub.o
                0x00007c28                USB0_IRQHandler
 .text.USBDCD_IRQHandler
                0x00007c2e        0x6 irq_stub.o
                0x00007c2e                USBDCD_IRQHandler
 .text.Reserved71_IRQHandler
                0x00007c34        0x6 irq_stub.o
                0x00007c34                Reserved71_IRQHandler
 .text.DAC0_IRQHandler
                0x00007c3a        0x6 irq_stub.o
                0x00007c3a                DAC0_IRQHandler
 .text.MCG_IRQHandler
                0x00007c40        0x6 irq_stub.o
                0x00007c40                MCG_IRQHandler
 .text.LPTMR0_IRQHandler
                0x00007c46        0x6 irq_stub.o
                0x00007c46                LPTMR0_IRQHandler
 .text.PORTA_IRQHandler
                0x00007c4c        0x6 irq_stub.o
                0x00007c4c                PORTA_IRQHandler
 .text.PORTB_IRQHandler
                0x00007c52        0x6 irq_stub.o
                0x00007c52                PORTB_IRQHandler
 .text.PORTC_IRQHandler
                0x00007c58        0x6 irq_stub.o
                0x00007c58                PORTC_IRQHandler
 .text.PORTD_IRQHandler
                0x00007c5e        0x6 irq_stub.o
                0x00007c5e                PORTD_IRQHandler
 .text.PORTE_IRQHandler
                0x00007c64        0x6 irq_stub.o
                0x00007c64                PORTE_IRQHandler
 .text.SWI_IRQHandler
                0x00007c6a        0x6 irq_stub.o
                0x00007c6a                SWI_IRQHandler
 .text.SPI2_IRQHandler
                0x00007c70        0x6 irq_stub.o
                0x00007c70                SPI2_IRQHandler
 .text.UART4_ERR_IRQHandler
                0x00007c76        0x6 irq_stub.o
                0x00007c76                UART4_ERR_IRQHandler
 .text.UART5_ERR_IRQHandler
                0x00007c7c        0x6 irq_stub.o
                0x00007c7c                UART5_ERR_IRQHandler
 .text.CMP2_IRQHandler
                0x00007c82        0x6 irq_stub.o
                0x00007c82                CMP2_IRQHandler
 .text.FTM3_IRQHandler
                0x00007c88        0x6 irq_stub.o
                0x00007c88                FTM3_IRQHandler
 .text.DAC1_IRQHandler
                0x00007c8e        0x6 irq_stub.o
                0x00007c8e                DAC1_IRQHandler
 .text.ADC1_IRQHandler
                0x00007c94        0x6 irq_stub.o
                0x00007c94                ADC1_IRQHandler
 .text.I2C2_IRQHandler
                0x00007c9a        0x6 irq_stub.o
                0x00007c9a                I2C2_IRQHandler
 .text.CAN0_ORed_Message_buffer_IRQHandler
                0x00007ca0        0x6 irq_stub.o
                0x00007ca0                CAN0_ORed_Message_buffer_IRQHandler
 .text.CAN0_Bus_Off_IRQHandler
                0x00007ca6        0x6 irq_stub.o
                0x00007ca6                CAN0_Bus_Off_IRQHandler
 .text.CAN0_Error_IRQHandler
                0x00007cac        0x6 irq_stub.o
                0x00007cac                CAN0_Error_IRQHandler
 .text.CAN0_Tx_Warning_IRQHandler
                0x00007cb2        0x6 irq_stub.o
                0x00007cb2                CAN0_Tx_Warning_IRQHandler
 .text.CAN0_Rx_Warning_IRQHandler
                0x00007cb8        0x6 irq_stub.o
                0x00007cb8                CAN0_Rx_Warning_IRQHandler
 .text.CAN0_Wake_Up_IRQHandler
                0x00007cbe        0x6 irq_stub.o
                0x00007cbe                CAN0_Wake_Up_IRQHandler
 .text.mw_osSignalSet
                0x00007cc4       0x2e mw_signal.o
                0x00007cc4                mw_osSignalSet
 .text.mw_osSignalClear
                0x00007cf2       0x26 mw_signal.o
                0x00007cf2                mw_osSignalClear
 .text.mw_osSignalWaitEver
                0x00007d18       0x20 mw_signal.o
                0x00007d18                mw_osSignalWaitEver
 .text.mw_osSignalEventCreate
                0x00007d38       0x20 mw_signal.o
                0x00007d38                mw_osSignalEventCreate
 .text.mw_osSignalEventRelease
                0x00007d58       0x26 mw_signal.o
                0x00007d58                mw_osSignalEventRelease
 .text.mw_osSignalEventWaitEver
                0x00007d7e       0x34 mw_signal.o
                0x00007d7e                mw_osSignalEventWaitEver
 .text.mw_osSignalEventDelete
                0x00007db2       0x14 mw_signal.o
                0x00007db2                mw_osSignalEventDelete
 .text.mw_osThreadCreate
                0x00007dc6       0x52 mw_thread.o
                0x00007dc6                mw_osThreadCreate
 .text.mw_osThreadGetId
                0x00007e18        0xe mw_thread.o
                0x00007e18                mw_osThreadGetId
 .text.mw_osThreadExit
                0x00007e26       0x22 mw_thread.o
                0x00007e26                mw_osThreadExit
 .text.mw_osThreadJoin
                0x00007e48       0x1a mw_thread.o
                0x00007e48                mw_osThreadJoin
 .text.mw_osTimerCreate
                0x00007e62       0x4e mw_timer.o
                0x00007e62                mw_osTimerCreate
 .text.mw_osTimerStart
                0x00007eb0       0x24 mw_timer.o
                0x00007eb0                mw_osTimerStart
 .text.PORT_HAL_SetMuxMode
                0x00007ed4       0x58 pin_mux.o
 .text.SIM_HAL_EnableClock
                0x00007f2c       0x40 pin_mux.o
 .text.configure_uart_pins
                0x00007f6c      0x194 pin_mux.o
                0x00007f6c                configure_uart_pins
 .text._sbrk    0x00008100       0x5c sbrk.o
                0x00008100                _sbrk
 .text.board_paramete_SystemCore_setup
                0x0000815c       0x64 send_params.o
 .text.send_params_Init
                0x000081c0       0x28 send_params.o
                0x000081c0                send_params_Init
 .text.send_params
                0x000081e8      0x210 send_params.o
                0x000081e8                send_params
 .text.send_params_Term
                0x000083f8       0x40 send_params.o
                0x000083f8                send_params_Term
 .text.init_data_bss
                0x00008438       0xcc startup.o
                0x00008438                init_data_bss
 .text.SystemInit
                0x00008504      0x1dc system_MK64F12.o
                0x00008504                SystemInit
 .text.SystemCoreClockUpdate
                0x000086e0      0x278 system_MK64F12.o
                0x000086e0                SystemCoreClockUpdate
 .text.rt_roundd_snf
                0x00008958       0xf4 C:/Users/ISHAN/Desktop/NEWFOL~1/KO4_AS~1/slprj/ert/_sharedutils/rtwshared.lib(rt_roundd_snf.o)
                0x00008958                rt_roundd_snf
 .text.osThreadExit
                0x00008a4c       0x18 C:/ProgramData/MATLAB/SupportPackages/R2020b/3P.instrset/cmsis.instrset/CMSIS/RTOS/RTX/LIB/GCC/libRTX_CM4.a(rt_cmsis.o)
                0x00008a4c                osThreadExit
 .text.svcKernelInitialize
                0x00008a64      0x100 C:/ProgramData/MATLAB/SupportPackages/R2020b/3P.instrset/cmsis.instrset/CMSIS/RTOS/RTX/LIB/GCC/libRTX_CM4.a(rt_cmsis.o)
                0x00008a64                svcKernelInitialize
 .text.svcKernelStart
                0x00008b64       0x4c C:/ProgramData/MATLAB/SupportPackages/R2020b/3P.instrset/cmsis.instrset/CMSIS/RTOS/RTX/LIB/GCC/libRTX_CM4.a(rt_cmsis.o)
                0x00008b64                svcKernelStart
 .text.osKernelInitialize
                0x00008bb0      0x120 C:/ProgramData/MATLAB/SupportPackages/R2020b/3P.instrset/cmsis.instrset/CMSIS/RTOS/RTX/LIB/GCC/libRTX_CM4.a(rt_cmsis.o)
                0x00008bb0                osKernelInitialize
 .text.osKernelStart
                0x00008cd0       0x70 C:/ProgramData/MATLAB/SupportPackages/R2020b/3P.instrset/cmsis.instrset/CMSIS/RTOS/RTX/LIB/GCC/libRTX_CM4.a(rt_cmsis.o)
                0x00008cd0                osKernelStart
 .text.svcThreadCreate
                0x00008d40       0x7c C:/ProgramData/MATLAB/SupportPackages/R2020b/3P.instrset/cmsis.instrset/CMSIS/RTOS/RTX/LIB/GCC/libRTX_CM4.a(rt_cmsis.o)
                0x00008d40                svcThreadCreate
 .text.svcThreadGetId
                0x00008dbc       0x18 C:/ProgramData/MATLAB/SupportPackages/R2020b/3P.instrset/cmsis.instrset/CMSIS/RTOS/RTX/LIB/GCC/libRTX_CM4.a(rt_cmsis.o)
                0x00008dbc                svcThreadGetId
 .text.svcThreadTerminate
                0x00008dd4       0x44 C:/ProgramData/MATLAB/SupportPackages/R2020b/3P.instrset/cmsis.instrset/CMSIS/RTOS/RTX/LIB/GCC/libRTX_CM4.a(rt_cmsis.o)
                0x00008dd4                svcThreadTerminate
 .text.osThreadCreate
                0x00008e18       0x9c C:/ProgramData/MATLAB/SupportPackages/R2020b/3P.instrset/cmsis.instrset/CMSIS/RTOS/RTX/LIB/GCC/libRTX_CM4.a(rt_cmsis.o)
                0x00008e18                osThreadCreate
 .text.osThreadGetId
                0x00008eb4       0x18 C:/ProgramData/MATLAB/SupportPackages/R2020b/3P.instrset/cmsis.instrset/CMSIS/RTOS/RTX/LIB/GCC/libRTX_CM4.a(rt_cmsis.o)
                0x00008eb4                osThreadGetId
 .text.osThreadTerminate
                0x00008ecc       0x18 C:/ProgramData/MATLAB/SupportPackages/R2020b/3P.instrset/cmsis.instrset/CMSIS/RTOS/RTX/LIB/GCC/libRTX_CM4.a(rt_cmsis.o)
                0x00008ecc                osThreadTerminate
 .text.svcTimerCreate
                0x00008ee4       0x3c C:/ProgramData/MATLAB/SupportPackages/R2020b/3P.instrset/cmsis.instrset/CMSIS/RTOS/RTX/LIB/GCC/libRTX_CM4.a(rt_cmsis.o)
                0x00008ee4                svcTimerCreate
 .text.svcTimerStart
                0x00008f20       0xc8 C:/ProgramData/MATLAB/SupportPackages/R2020b/3P.instrset/cmsis.instrset/CMSIS/RTOS/RTX/LIB/GCC/libRTX_CM4.a(rt_cmsis.o)
                0x00008f20                svcTimerStart
 .text.svcTimerCall
                0x00008fe8       0x18 C:/ProgramData/MATLAB/SupportPackages/R2020b/3P.instrset/cmsis.instrset/CMSIS/RTOS/RTX/LIB/GCC/libRTX_CM4.a(rt_cmsis.o)
                0x00008fe8                svcTimerCall
 .text.sysTimerTick
                0x00009000       0xb4 C:/ProgramData/MATLAB/SupportPackages/R2020b/3P.instrset/cmsis.instrset/CMSIS/RTOS/RTX/LIB/GCC/libRTX_CM4.a(rt_cmsis.o)
                0x00009000                sysTimerTick
 .text.osTimerCreate
                0x000090b4       0x64 C:/ProgramData/MATLAB/SupportPackages/R2020b/3P.instrset/cmsis.instrset/CMSIS/RTOS/RTX/LIB/GCC/libRTX_CM4.a(rt_cmsis.o)
                0x000090b4                osTimerCreate
 .text.osTimerStart
                0x00009118       0x18 C:/ProgramData/MATLAB/SupportPackages/R2020b/3P.instrset/cmsis.instrset/CMSIS/RTOS/RTX/LIB/GCC/libRTX_CM4.a(rt_cmsis.o)
                0x00009118                osTimerStart
 .text.osTimerThread
                0x00009130       0x40 C:/ProgramData/MATLAB/SupportPackages/R2020b/3P.instrset/cmsis.instrset/CMSIS/RTOS/RTX/LIB/GCC/libRTX_CM4.a(rt_cmsis.o)
                0x00009130                osTimerThread
 .text.svcSignalSet
                0x00009170       0x28 C:/ProgramData/MATLAB/SupportPackages/R2020b/3P.instrset/cmsis.instrset/CMSIS/RTOS/RTX/LIB/GCC/libRTX_CM4.a(rt_cmsis.o)
                0x00009170                svcSignalSet
 .text.svcSignalClear
                0x00009198       0x28 C:/ProgramData/MATLAB/SupportPackages/R2020b/3P.instrset/cmsis.instrset/CMSIS/RTOS/RTX/LIB/GCC/libRTX_CM4.a(rt_cmsis.o)
                0x00009198                svcSignalClear
 .text.svcSignalWait
                0x000091c0       0xfc C:/ProgramData/MATLAB/SupportPackages/R2020b/3P.instrset/cmsis.instrset/CMSIS/RTOS/RTX/LIB/GCC/libRTX_CM4.a(rt_cmsis.o)
                0x000091c0                svcSignalWait
 .text.osSignalSet
                0x000092bc       0x40 C:/ProgramData/MATLAB/SupportPackages/R2020b/3P.instrset/cmsis.instrset/CMSIS/RTOS/RTX/LIB/GCC/libRTX_CM4.a(rt_cmsis.o)
                0x000092bc                osSignalSet
 .text.osSignalClear
                0x000092fc       0x1c C:/ProgramData/MATLAB/SupportPackages/R2020b/3P.instrset/cmsis.instrset/CMSIS/RTOS/RTX/LIB/GCC/libRTX_CM4.a(rt_cmsis.o)
                0x000092fc                osSignalClear
 .text.osSignalWait
                0x00009318       0x28 C:/ProgramData/MATLAB/SupportPackages/R2020b/3P.instrset/cmsis.instrset/CMSIS/RTOS/RTX/LIB/GCC/libRTX_CM4.a(rt_cmsis.o)
                0x00009318                osSignalWait
 .text.svcMessageGet
                0x00009340       0xa8 C:/ProgramData/MATLAB/SupportPackages/R2020b/3P.instrset/cmsis.instrset/CMSIS/RTOS/RTX/LIB/GCC/libRTX_CM4.a(rt_cmsis.o)
                0x00009340                svcMessageGet
 .text.rt_init_stack
                0x000093e8       0xa4 C:/ProgramData/MATLAB/SupportPackages/R2020b/3P.instrset/cmsis.instrset/CMSIS/RTOS/RTX/LIB/GCC/libRTX_CM4.a(hal_cm.o)
                0x000093e8                rt_init_stack
 .text.rt_ret_val
                0x0000948c       0x14 C:/ProgramData/MATLAB/SupportPackages/R2020b/3P.instrset/cmsis.instrset/CMSIS/RTOS/RTX/LIB/GCC/libRTX_CM4.a(hal_cm.o)
                0x0000948c                rt_ret_val
 .text.rt_ret_val2
                0x000094a0       0x24 C:/ProgramData/MATLAB/SupportPackages/R2020b/3P.instrset/cmsis.instrset/CMSIS/RTOS/RTX/LIB/GCC/libRTX_CM4.a(hal_cm.o)
                0x000094a0                rt_ret_val2
 .text.dbg_init
                0x000094c4       0x34 C:/ProgramData/MATLAB/SupportPackages/R2020b/3P.instrset/cmsis.instrset/CMSIS/RTOS/RTX/LIB/GCC/libRTX_CM4.a(hal_cm.o)
                0x000094c4                dbg_init
 .text.dbg_task_notify
                0x000094f8       0x2c C:/ProgramData/MATLAB/SupportPackages/R2020b/3P.instrset/cmsis.instrset/CMSIS/RTOS/RTX/LIB/GCC/libRTX_CM4.a(hal_cm.o)
                0x000094f8                dbg_task_notify
 .text.dbg_task_switch
                0x00009524       0x14 C:/ProgramData/MATLAB/SupportPackages/R2020b/3P.instrset/cmsis.instrset/CMSIS/RTOS/RTX/LIB/GCC/libRTX_CM4.a(hal_cm.o)
                0x00009524                dbg_task_switch
 .text.rt_init_mem
                0x00009538       0x1c C:/ProgramData/MATLAB/SupportPackages/R2020b/3P.instrset/cmsis.instrset/CMSIS/RTOS/RTX/LIB/GCC/libRTX_CM4.a(rt_memory.o)
                0x00009538                rt_init_mem
 .text.rt_alloc_mem
                0x00009554       0x50 C:/ProgramData/MATLAB/SupportPackages/R2020b/3P.instrset/cmsis.instrset/CMSIS/RTOS/RTX/LIB/GCC/libRTX_CM4.a(rt_memory.o)
                0x00009554                rt_alloc_mem
 .text.rt_free_mem
                0x000095a4       0x44 C:/ProgramData/MATLAB/SupportPackages/R2020b/3P.instrset/cmsis.instrset/CMSIS/RTOS/RTX/LIB/GCC/libRTX_CM4.a(rt_memory.o)
                0x000095a4                rt_free_mem
 .text._init_box
                0x000095e8       0x58 C:/ProgramData/MATLAB/SupportPackages/R2020b/3P.instrset/cmsis.instrset/CMSIS/RTOS/RTX/LIB/GCC/libRTX_CM4.a(rt_membox.o)
                0x000095e8                _init_box
 .text.rt_alloc_box
                0x00009640       0x1c C:/ProgramData/MATLAB/SupportPackages/R2020b/3P.instrset/cmsis.instrset/CMSIS/RTOS/RTX/LIB/GCC/libRTX_CM4.a(rt_membox.o)
                0x00009640                rt_alloc_box
 .text.rt_free_box
                0x0000965c       0x28 C:/ProgramData/MATLAB/SupportPackages/R2020b/3P.instrset/cmsis.instrset/CMSIS/RTOS/RTX/LIB/GCC/libRTX_CM4.a(rt_membox.o)
                0x0000965c                rt_free_box
 .text.rt_sem_psh
                0x00009684       0x34 C:/ProgramData/MATLAB/SupportPackages/R2020b/3P.instrset/cmsis.instrset/CMSIS/RTOS/RTX/LIB/GCC/libRTX_CM4.a(rt_semaphore.o)
                0x00009684                rt_sem_psh
 .text.rt_mbx_init
                0x000096b8       0x1c C:/ProgramData/MATLAB/SupportPackages/R2020b/3P.instrset/cmsis.instrset/CMSIS/RTOS/RTX/LIB/GCC/libRTX_CM4.a(rt_mailbox.o)
                0x000096b8                rt_mbx_init
 .text.rt_mbx_wait
                0x000096d4       0xa8 C:/ProgramData/MATLAB/SupportPackages/R2020b/3P.instrset/cmsis.instrset/CMSIS/RTOS/RTX/LIB/GCC/libRTX_CM4.a(rt_mailbox.o)
                0x000096d4                rt_mbx_wait
 .text.rt_mbx_check
                0x0000977c        0x8 C:/ProgramData/MATLAB/SupportPackages/R2020b/3P.instrset/cmsis.instrset/CMSIS/RTOS/RTX/LIB/GCC/libRTX_CM4.a(rt_mailbox.o)
                0x0000977c                rt_mbx_check
 .text.isr_mbx_send
                0x00009784       0x10 C:/ProgramData/MATLAB/SupportPackages/R2020b/3P.instrset/cmsis.instrset/CMSIS/RTOS/RTX/LIB/GCC/libRTX_CM4.a(rt_mailbox.o)
                0x00009784                isr_mbx_send
 .text.rt_mbx_psh
                0x00009794       0xe4 C:/ProgramData/MATLAB/SupportPackages/R2020b/3P.instrset/cmsis.instrset/CMSIS/RTOS/RTX/LIB/GCC/libRTX_CM4.a(rt_mailbox.o)
                0x00009794                rt_mbx_psh
 .text.rt_put_prio
                0x00009878       0x50 C:/ProgramData/MATLAB/SupportPackages/R2020b/3P.instrset/cmsis.instrset/CMSIS/RTOS/RTX/LIB/GCC/libRTX_CM4.a(rt_list.o)
                0x00009878                rt_put_prio
 .text.rt_get_first
                0x000098c8       0x28 C:/ProgramData/MATLAB/SupportPackages/R2020b/3P.instrset/cmsis.instrset/CMSIS/RTOS/RTX/LIB/GCC/libRTX_CM4.a(rt_list.o)
                0x000098c8                rt_get_first
 .text.rt_put_rdy_first
                0x000098f0       0x14 C:/ProgramData/MATLAB/SupportPackages/R2020b/3P.instrset/cmsis.instrset/CMSIS/RTOS/RTX/LIB/GCC/libRTX_CM4.a(rt_list.o)
                0x000098f0                rt_put_rdy_first
 .text.rt_resort_prio
                0x00009904       0x94 C:/ProgramData/MATLAB/SupportPackages/R2020b/3P.instrset/cmsis.instrset/CMSIS/RTOS/RTX/LIB/GCC/libRTX_CM4.a(rt_list.o)
                0x00009904                rt_resort_prio
 .text.rt_put_dly
                0x00009998       0x60 C:/ProgramData/MATLAB/SupportPackages/R2020b/3P.instrset/cmsis.instrset/CMSIS/RTOS/RTX/LIB/GCC/libRTX_CM4.a(rt_list.o)
                0x00009998                rt_put_dly
 .text.rt_dec_dly
                0x000099f8       0xd8 C:/ProgramData/MATLAB/SupportPackages/R2020b/3P.instrset/cmsis.instrset/CMSIS/RTOS/RTX/LIB/GCC/libRTX_CM4.a(rt_list.o)
                0x000099f8                rt_dec_dly
 .text.rt_rmv_list
                0x00009ad0       0x2c C:/ProgramData/MATLAB/SupportPackages/R2020b/3P.instrset/cmsis.instrset/CMSIS/RTOS/RTX/LIB/GCC/libRTX_CM4.a(rt_list.o)
                0x00009ad0                rt_rmv_list
 .text.rt_rmv_dly
                0x00009afc       0x2c C:/ProgramData/MATLAB/SupportPackages/R2020b/3P.instrset/cmsis.instrset/CMSIS/RTOS/RTX/LIB/GCC/libRTX_CM4.a(rt_list.o)
                0x00009afc                rt_rmv_dly
 .text.rt_psq_enq
                0x00009b28       0x44 C:/ProgramData/MATLAB/SupportPackages/R2020b/3P.instrset/cmsis.instrset/CMSIS/RTOS/RTX/LIB/GCC/libRTX_CM4.a(rt_list.o)
                0x00009b28                rt_psq_enq
 .text.rt_evt_wait
                0x00009b6c       0x4c C:/ProgramData/MATLAB/SupportPackages/R2020b/3P.instrset/cmsis.instrset/CMSIS/RTOS/RTX/LIB/GCC/libRTX_CM4.a(rt_event.o)
                0x00009b6c                rt_evt_wait
 .text.rt_evt_set
                0x00009bb8       0x58 C:/ProgramData/MATLAB/SupportPackages/R2020b/3P.instrset/cmsis.instrset/CMSIS/RTOS/RTX/LIB/GCC/libRTX_CM4.a(rt_event.o)
                0x00009bb8                rt_evt_set
 .text.rt_evt_clr
                0x00009c10       0x18 C:/ProgramData/MATLAB/SupportPackages/R2020b/3P.instrset/cmsis.instrset/CMSIS/RTOS/RTX/LIB/GCC/libRTX_CM4.a(rt_event.o)
                0x00009c10                rt_evt_clr
 .text.isr_evt_set
                0x00009c28       0x24 C:/ProgramData/MATLAB/SupportPackages/R2020b/3P.instrset/cmsis.instrset/CMSIS/RTOS/RTX/LIB/GCC/libRTX_CM4.a(rt_event.o)
                0x00009c28                isr_evt_set
 .text.rt_evt_psh
                0x00009c4c       0x50 C:/ProgramData/MATLAB/SupportPackages/R2020b/3P.instrset/cmsis.instrset/CMSIS/RTOS/RTX/LIB/GCC/libRTX_CM4.a(rt_event.o)
                0x00009c4c                rt_evt_psh
 .text.rt_psh_req
                0x00009c9c       0x20 C:/ProgramData/MATLAB/SupportPackages/R2020b/3P.instrset/cmsis.instrset/CMSIS/RTOS/RTX/LIB/GCC/libRTX_CM4.a(rt_system.o)
                0x00009c9c                rt_psh_req
 .text.rt_pop_req
                0x00009cbc       0x78 C:/ProgramData/MATLAB/SupportPackages/R2020b/3P.instrset/cmsis.instrset/CMSIS/RTOS/RTX/LIB/GCC/libRTX_CM4.a(rt_system.o)
                0x00009cbc                rt_pop_req
 .text.os_tick_init
                0x00009d34       0x40 C:/ProgramData/MATLAB/SupportPackages/R2020b/3P.instrset/cmsis.instrset/CMSIS/RTOS/RTX/LIB/GCC/libRTX_CM4.a(rt_system.o)
                0x00009d34                os_tick_init
 .text.os_tick_irqack
                0x00009d74        0x4 C:/ProgramData/MATLAB/SupportPackages/R2020b/3P.instrset/cmsis.instrset/CMSIS/RTOS/RTX/LIB/GCC/libRTX_CM4.a(rt_system.o)
                0x00009d74                os_tick_irqack
 .text.rt_systick
                0x00009d78       0x3c C:/ProgramData/MATLAB/SupportPackages/R2020b/3P.instrset/cmsis.instrset/CMSIS/RTOS/RTX/LIB/GCC/libRTX_CM4.a(rt_system.o)
                0x00009d78                rt_systick
 .text.rt_stk_check
                0x00009db4       0x24 C:/ProgramData/MATLAB/SupportPackages/R2020b/3P.instrset/cmsis.instrset/CMSIS/RTOS/RTX/LIB/GCC/libRTX_CM4.a(rt_system.o)
                0x00009db4                rt_stk_check
 .text.rt_switch_req
                0x00009dd8       0x24 C:/ProgramData/MATLAB/SupportPackages/R2020b/3P.instrset/cmsis.instrset/CMSIS/RTOS/RTX/LIB/GCC/libRTX_CM4.a(rt_task.o)
                0x00009dd8                rt_switch_req
 .text.rt_dispatch
                0x00009dfc       0x7c C:/ProgramData/MATLAB/SupportPackages/R2020b/3P.instrset/cmsis.instrset/CMSIS/RTOS/RTX/LIB/GCC/libRTX_CM4.a(rt_task.o)
                0x00009dfc                rt_dispatch
 .text.rt_block
                0x00009e78       0x50 C:/ProgramData/MATLAB/SupportPackages/R2020b/3P.instrset/cmsis.instrset/CMSIS/RTOS/RTX/LIB/GCC/libRTX_CM4.a(rt_task.o)
                0x00009e78                rt_block
 .text.rt_tsk_self
                0x00009ec8       0x10 C:/ProgramData/MATLAB/SupportPackages/R2020b/3P.instrset/cmsis.instrset/CMSIS/RTOS/RTX/LIB/GCC/libRTX_CM4.a(rt_task.o)
                0x00009ec8                rt_tsk_self
 .text.rt_tsk_prio
                0x00009ed8       0xf8 C:/ProgramData/MATLAB/SupportPackages/R2020b/3P.instrset/cmsis.instrset/CMSIS/RTOS/RTX/LIB/GCC/libRTX_CM4.a(rt_task.o)
                0x00009ed8                rt_tsk_prio
 .text.rt_tsk_create
                0x00009fd0      0x110 C:/ProgramData/MATLAB/SupportPackages/R2020b/3P.instrset/cmsis.instrset/CMSIS/RTOS/RTX/LIB/GCC/libRTX_CM4.a(rt_task.o)
                0x00009fd0                rt_tsk_create
 .text.rt_tsk_delete
                0x0000a0e0      0x1c4 C:/ProgramData/MATLAB/SupportPackages/R2020b/3P.instrset/cmsis.instrset/CMSIS/RTOS/RTX/LIB/GCC/libRTX_CM4.a(rt_task.o)
                0x0000a0e0                rt_tsk_delete
 .text.rt_sys_init
                0x0000a2a4       0xec C:/ProgramData/MATLAB/SupportPackages/R2020b/3P.instrset/cmsis.instrset/CMSIS/RTOS/RTX/LIB/GCC/libRTX_CM4.a(rt_task.o)
                0x0000a2a4                rt_sys_init
 .text.rt_sys_start
                0x0000a390       0x8c C:/ProgramData/MATLAB/SupportPackages/R2020b/3P.instrset/cmsis.instrset/CMSIS/RTOS/RTX/LIB/GCC/libRTX_CM4.a(rt_task.o)
                0x0000a390                rt_sys_start
 .text.OSA_TimeInit
                0x0000a41c       0x44 C:/ProgramData/MATLAB/SupportPackages/R2020b/toolbox/target/supportpackages/freedomk64f/src/ksdk_armgcc_lib/bm/libksdk_platform.a(fsl_os_abstraction_bm.o)
                0x0000a41c                OSA_TimeInit
 .text.OSA_TimeDiff
                0x0000a460        0xe C:/ProgramData/MATLAB/SupportPackages/R2020b/toolbox/target/supportpackages/freedomk64f/src/ksdk_armgcc_lib/bm/libksdk_platform.a(fsl_os_abstraction_bm.o)
                0x0000a460                OSA_TimeDiff
 *fill*         0x0000a46e        0x2 
 .text.OSA_SemaCreate
                0x0000a470       0x2c C:/ProgramData/MATLAB/SupportPackages/R2020b/toolbox/target/supportpackages/freedomk64f/src/ksdk_armgcc_lib/bm/libksdk_platform.a(fsl_os_abstraction_bm.o)
                0x0000a470                OSA_SemaCreate
 .text.OSA_SemaPost
                0x0000a49c       0x3c C:/ProgramData/MATLAB/SupportPackages/R2020b/toolbox/target/supportpackages/freedomk64f/src/ksdk_armgcc_lib/bm/libksdk_platform.a(fsl_os_abstraction_bm.o)
                0x0000a49c                OSA_SemaPost
 .text.task_init
                0x0000a4d8       0x38 C:/ProgramData/MATLAB/SupportPackages/R2020b/toolbox/target/supportpackages/freedomk64f/src/ksdk_armgcc_lib/bm/libksdk_platform.a(fsl_os_abstraction_bm.o)
                0x0000a4d8                task_init
 .text.OSA_TimeGetMsec
                0x0000a510        0xc C:/ProgramData/MATLAB/SupportPackages/R2020b/toolbox/target/supportpackages/freedomk64f/src/ksdk_armgcc_lib/bm/libksdk_platform.a(fsl_os_abstraction_bm.o)
                0x0000a510                OSA_TimeGetMsec
 .text.OSA_TimeDelay
                0x0000a51c       0x1c C:/ProgramData/MATLAB/SupportPackages/R2020b/toolbox/target/supportpackages/freedomk64f/src/ksdk_armgcc_lib/bm/libksdk_platform.a(fsl_os_abstraction_bm.o)
                0x0000a51c                OSA_TimeDelay
 .text.OSA_Init
                0x0000a538        0xe C:/ProgramData/MATLAB/SupportPackages/R2020b/toolbox/target/supportpackages/freedomk64f/src/ksdk_armgcc_lib/bm/libksdk_platform.a(fsl_os_abstraction_bm.o)
                0x0000a538                OSA_Init
 *fill*         0x0000a546        0x2 
 .text.CLOCK_SYS_SetMcgPeeToFbe
                0x0000a548       0x34 C:/ProgramData/MATLAB/SupportPackages/R2020b/toolbox/target/supportpackages/freedomk64f/src/ksdk_armgcc_lib/bm/libksdk_platform.a(fsl_clock_manager.o)
 .text.CLOCK_SYS_SetMcgMode
                0x0000a57c      0x124 C:/ProgramData/MATLAB/SupportPackages/R2020b/toolbox/target/supportpackages/freedomk64f/src/ksdk_armgcc_lib/bm/libksdk_platform.a(fsl_clock_manager.o)
                0x0000a57c                CLOCK_SYS_SetMcgMode
 .text.CLOCK_SYS_SetOscerConfigration
                0x0000a6a0       0x1c C:/ProgramData/MATLAB/SupportPackages/R2020b/toolbox/target/supportpackages/freedomk64f/src/ksdk_armgcc_lib/bm/libksdk_platform.a(fsl_clock_manager.o)
                0x0000a6a0                CLOCK_SYS_SetOscerConfigration
 .text.CLOCK_SYS_OscInit
                0x0000a6bc       0x9c C:/ProgramData/MATLAB/SupportPackages/R2020b/toolbox/target/supportpackages/freedomk64f/src/ksdk_armgcc_lib/bm/libksdk_platform.a(fsl_clock_manager.o)
                0x0000a6bc                CLOCK_SYS_OscInit
 .text.CLOCK_SYS_RtcOscInit
                0x0000a758       0x68 C:/ProgramData/MATLAB/SupportPackages/R2020b/toolbox/target/supportpackages/freedomk64f/src/ksdk_armgcc_lib/bm/libksdk_platform.a(fsl_clock_manager.o)
                0x0000a758                CLOCK_SYS_RtcOscInit
 .text.SIM_HAL_EnableClock.constprop.10
                0x0000a7c0       0x1c C:/ProgramData/MATLAB/SupportPackages/R2020b/toolbox/target/supportpackages/freedomk64f/src/ksdk_armgcc_lib/bm/libksdk_platform.a(fsl_clock_MK64F12.o)
 .text.CLOCK_SYS_GetCoreClockFreq
                0x0000a7dc       0x24 C:/ProgramData/MATLAB/SupportPackages/R2020b/toolbox/target/supportpackages/freedomk64f/src/ksdk_armgcc_lib/bm/libksdk_platform.a(fsl_clock_MK64F12.o)
                0x0000a7dc                CLOCK_SYS_GetCoreClockFreq
 .text.CLOCK_SYS_SetConfiguration
                0x0000a800       0x94 C:/ProgramData/MATLAB/SupportPackages/R2020b/toolbox/target/supportpackages/freedomk64f/src/ksdk_armgcc_lib/bm/libksdk_platform.a(fsl_clock_MK64F12.o)
                0x0000a800                CLOCK_SYS_SetConfiguration
 .text.CLOCK_SYS_FllStableDelay
                0x0000a894       0x1a C:/ProgramData/MATLAB/SupportPackages/R2020b/toolbox/target/supportpackages/freedomk64f/src/ksdk_armgcc_lib/bm/libksdk_platform.a(fsl_clock_MK64F12.o)
 *fill*         0x0000a8ae        0x2 
 .text.CLOCK_SYS_GetBusClockFreq
                0x0000a8b0       0x24 C:/ProgramData/MATLAB/SupportPackages/R2020b/toolbox/target/supportpackages/freedomk64f/src/ksdk_armgcc_lib/bm/libksdk_platform.a(fsl_clock_MK64F12.o)
                0x0000a8b0                CLOCK_SYS_GetBusClockFreq
 .text.CLOCK_SYS_GetUartFreq
                0x0000a8d4       0x1a C:/ProgramData/MATLAB/SupportPackages/R2020b/toolbox/target/supportpackages/freedomk64f/src/ksdk_armgcc_lib/bm/libksdk_platform.a(fsl_clock_MK64F12.o)
                0x0000a8d4                CLOCK_SYS_GetUartFreq
 *fill*         0x0000a8ee        0x2 
 .text.CLOCK_SYS_GetFtmExternalFreq
                0x0000a8f0       0x20 C:/ProgramData/MATLAB/SupportPackages/R2020b/toolbox/target/supportpackages/freedomk64f/src/ksdk_armgcc_lib/bm/libksdk_platform.a(fsl_clock_MK64F12.o)
                0x0000a8f0                CLOCK_SYS_GetFtmExternalFreq
 .text.CLOCK_SYS_EnablePortClock
                0x0000a910       0x30 C:/ProgramData/MATLAB/SupportPackages/R2020b/toolbox/target/supportpackages/freedomk64f/src/ksdk_armgcc_lib/bm/libksdk_platform.a(fsl_clock_MK64F12.o)
                0x0000a910                CLOCK_SYS_EnablePortClock
 .text.CLOCK_SYS_EnableFtmClock
                0x0000a940       0x30 C:/ProgramData/MATLAB/SupportPackages/R2020b/toolbox/target/supportpackages/freedomk64f/src/ksdk_armgcc_lib/bm/libksdk_platform.a(fsl_clock_MK64F12.o)
                0x0000a940                CLOCK_SYS_EnableFtmClock
 .text.CLOCK_SYS_EnableI2cClock
                0x0000a970       0x30 C:/ProgramData/MATLAB/SupportPackages/R2020b/toolbox/target/supportpackages/freedomk64f/src/ksdk_armgcc_lib/bm/libksdk_platform.a(fsl_clock_MK64F12.o)
                0x0000a970                CLOCK_SYS_EnableI2cClock
 .text.CLOCK_SYS_EnableUartClock
                0x0000a9a0       0x30 C:/ProgramData/MATLAB/SupportPackages/R2020b/toolbox/target/supportpackages/freedomk64f/src/ksdk_armgcc_lib/bm/libksdk_platform.a(fsl_clock_MK64F12.o)
                0x0000a9a0                CLOCK_SYS_EnableUartClock
 .text.INT_SYS_EnableIRQGlobal
                0x0000a9d0       0x14 C:/ProgramData/MATLAB/SupportPackages/R2020b/toolbox/target/supportpackages/freedomk64f/src/ksdk_armgcc_lib/bm/libksdk_platform.a(fsl_interrupt_manager.o)
                0x0000a9d0                INT_SYS_EnableIRQGlobal
 .text.INT_SYS_DisableIRQGlobal
                0x0000a9e4       0x10 C:/ProgramData/MATLAB/SupportPackages/R2020b/toolbox/target/supportpackages/freedomk64f/src/ksdk_armgcc_lib/bm/libksdk_platform.a(fsl_interrupt_manager.o)
                0x0000a9e4                INT_SYS_DisableIRQGlobal
 .text.EDMA_HAL_SetErrorIntCmd
                0x0000a9f4        0xa C:/ProgramData/MATLAB/SupportPackages/R2020b/toolbox/target/supportpackages/freedomk64f/src/ksdk_armgcc_lib/bm/libksdk_platform.a(fsl_edma_hal.o)
                0x0000a9f4                EDMA_HAL_SetErrorIntCmd
 .text.EDMA_HAL_SetDmaRequestCmd
                0x0000a9fe        0xa C:/ProgramData/MATLAB/SupportPackages/R2020b/toolbox/target/supportpackages/freedomk64f/src/ksdk_armgcc_lib/bm/libksdk_platform.a(fsl_edma_hal.o)
                0x0000a9fe                EDMA_HAL_SetDmaRequestCmd
 .text.EDMA_HAL_HTCDClearReg
                0x0000aa08       0x4a C:/ProgramData/MATLAB/SupportPackages/R2020b/toolbox/target/supportpackages/freedomk64f/src/ksdk_armgcc_lib/bm/libksdk_platform.a(fsl_edma_hal.o)
                0x0000aa08                EDMA_HAL_HTCDClearReg
 .text.EDMA_HAL_Init
                0x0000aa52       0x28 C:/ProgramData/MATLAB/SupportPackages/R2020b/toolbox/target/supportpackages/freedomk64f/src/ksdk_armgcc_lib/bm/libksdk_platform.a(fsl_edma_hal.o)
                0x0000aa52                EDMA_HAL_Init
 *fill*         0x0000aa7a        0x2 
 .text.EDMA_HAL_HTCDSetAttribute
                0x0000aa7c       0x48 C:/ProgramData/MATLAB/SupportPackages/R2020b/toolbox/target/supportpackages/freedomk64f/src/ksdk_armgcc_lib/bm/libksdk_platform.a(fsl_edma_hal.o)
                0x0000aa7c                EDMA_HAL_HTCDSetAttribute
 .text.EDMA_HAL_HTCDSetNbytes
                0x0000aac4       0x70 C:/ProgramData/MATLAB/SupportPackages/R2020b/toolbox/target/supportpackages/freedomk64f/src/ksdk_armgcc_lib/bm/libksdk_platform.a(fsl_edma_hal.o)
                0x0000aac4                EDMA_HAL_HTCDSetNbytes
 .text.EDMA_HAL_HTCDGetNbytes
                0x0000ab34       0x60 C:/ProgramData/MATLAB/SupportPackages/R2020b/toolbox/target/supportpackages/freedomk64f/src/ksdk_armgcc_lib/bm/libksdk_platform.a(fsl_edma_hal.o)
                0x0000ab34                EDMA_HAL_HTCDGetNbytes
 .text.EDMA_HAL_HTCDSetChannelMinorLink
                0x0000ab94       0x74 C:/ProgramData/MATLAB/SupportPackages/R2020b/toolbox/target/supportpackages/freedomk64f/src/ksdk_armgcc_lib/bm/libksdk_platform.a(fsl_edma_hal.o)
                0x0000ab94                EDMA_HAL_HTCDSetChannelMinorLink
 .text.EDMA_HAL_HTCDSetMajorCount
                0x0000ac08       0x68 C:/ProgramData/MATLAB/SupportPackages/R2020b/toolbox/target/supportpackages/freedomk64f/src/ksdk_armgcc_lib/bm/libksdk_platform.a(fsl_edma_hal.o)
                0x0000ac08                EDMA_HAL_HTCDSetMajorCount
 .text.EDMA_HAL_HTCDGetUnfinishedBytes
                0x0000ac70       0x54 C:/ProgramData/MATLAB/SupportPackages/R2020b/toolbox/target/supportpackages/freedomk64f/src/ksdk_armgcc_lib/bm/libksdk_platform.a(fsl_edma_hal.o)
                0x0000ac70                EDMA_HAL_HTCDGetUnfinishedBytes
 .text.INT_SYS_EnableIRQ
                0x0000acc4       0x48 C:/ProgramData/MATLAB/SupportPackages/R2020b/toolbox/target/supportpackages/freedomk64f/src/ksdk_armgcc_lib/bm/libksdk_platform.a(fsl_edma_driver.o)
 .text.EDMA_DRV_ClaimChannel
                0x0000ad0c       0x6c C:/ProgramData/MATLAB/SupportPackages/R2020b/toolbox/target/supportpackages/freedomk64f/src/ksdk_armgcc_lib/bm/libksdk_platform.a(fsl_edma_driver.o)
 .text.EDMA_DRV_Init
                0x0000ad78       0x7c C:/ProgramData/MATLAB/SupportPackages/R2020b/toolbox/target/supportpackages/freedomk64f/src/ksdk_armgcc_lib/bm/libksdk_platform.a(fsl_edma_driver.o)
                0x0000ad78                EDMA_DRV_Init
 .text.EDMA_DRV_InstallCallback
                0x0000adf4        0x8 C:/ProgramData/MATLAB/SupportPackages/R2020b/toolbox/target/supportpackages/freedomk64f/src/ksdk_armgcc_lib/bm/libksdk_platform.a(fsl_edma_driver.o)
                0x0000adf4                EDMA_DRV_InstallCallback
 .text.EDMA_DRV_RequestChannel
                0x0000adfc       0x70 C:/ProgramData/MATLAB/SupportPackages/R2020b/toolbox/target/supportpackages/freedomk64f/src/ksdk_armgcc_lib/bm/libksdk_platform.a(fsl_edma_driver.o)
                0x0000adfc                EDMA_DRV_RequestChannel
 .text.EDMA_DRV_IRQHandler
                0x0000ae6c       0x30 C:/ProgramData/MATLAB/SupportPackages/R2020b/toolbox/target/supportpackages/freedomk64f/src/ksdk_armgcc_lib/bm/libksdk_platform.a(fsl_edma_driver.o)
                0x0000ae6c                EDMA_DRV_IRQHandler
 .text.EDMA_DRV_ErrorIRQHandler
                0x0000ae9c       0x88 C:/ProgramData/MATLAB/SupportPackages/R2020b/toolbox/target/supportpackages/freedomk64f/src/ksdk_armgcc_lib/bm/libksdk_platform.a(fsl_edma_driver.o)
                0x0000ae9c                EDMA_DRV_ErrorIRQHandler
 .text.FTM_HAL_SetClockSource
                0x0000af24       0x12 C:/ProgramData/MATLAB/SupportPackages/R2020b/toolbox/target/supportpackages/freedomk64f/src/ksdk_armgcc_lib/bm/libksdk_platform.a(fsl_ftm_driver.o)
 *fill*         0x0000af36        0x2 
 .text.unlikely.FTM_HAL_SetChnCountVal.part.2
                0x0000af38       0x1c C:/ProgramData/MATLAB/SupportPackages/R2020b/toolbox/target/supportpackages/freedomk64f/src/ksdk_armgcc_lib/bm/libksdk_platform.a(fsl_ftm_driver.o)
 .text.FTM_DRV_Init
                0x0000af54      0x108 C:/ProgramData/MATLAB/SupportPackages/R2020b/toolbox/target/supportpackages/freedomk64f/src/ksdk_armgcc_lib/bm/libksdk_platform.a(fsl_ftm_driver.o)
                0x0000af54                FTM_DRV_Init
 .text.FTM_DRV_SetClock
                0x0000b05c       0x54 C:/ProgramData/MATLAB/SupportPackages/R2020b/toolbox/target/supportpackages/freedomk64f/src/ksdk_armgcc_lib/bm/libksdk_platform.a(fsl_ftm_driver.o)
                0x0000b05c                FTM_DRV_SetClock
 .text.FTM_DRV_GetClock
                0x0000b0b0       0x68 C:/ProgramData/MATLAB/SupportPackages/R2020b/toolbox/target/supportpackages/freedomk64f/src/ksdk_armgcc_lib/bm/libksdk_platform.a(fsl_ftm_driver.o)
                0x0000b0b0                FTM_DRV_GetClock
 .text.FTM_DRV_PwmStart
                0x0000b118      0x1c8 C:/ProgramData/MATLAB/SupportPackages/R2020b/toolbox/target/supportpackages/freedomk64f/src/ksdk_armgcc_lib/bm/libksdk_platform.a(fsl_ftm_driver.o)
                0x0000b118                FTM_DRV_PwmStart
 .text.unlikely.PORT_HAL_SetMuxMode.part.0
                0x0000b2e0       0x1c C:/ProgramData/MATLAB/SupportPackages/R2020b/toolbox/target/supportpackages/freedomk64f/src/ksdk_armgcc_lib/bm/libksdk_platform.a(fsl_gpio_driver.o)
 .text.GPIO_DRV_InputPinInit
                0x0000b2fc       0xe0 C:/ProgramData/MATLAB/SupportPackages/R2020b/toolbox/target/supportpackages/freedomk64f/src/ksdk_armgcc_lib/bm/libksdk_platform.a(fsl_gpio_driver.o)
                0x0000b2fc                GPIO_DRV_InputPinInit
 .text.GPIO_DRV_OutputPinInit
                0x0000b3dc       0x70 C:/ProgramData/MATLAB/SupportPackages/R2020b/toolbox/target/supportpackages/freedomk64f/src/ksdk_armgcc_lib/bm/libksdk_platform.a(fsl_gpio_driver.o)
                0x0000b3dc                GPIO_DRV_OutputPinInit
 .text.GPIO_DRV_WritePinOutput
                0x0000b44c       0x1c C:/ProgramData/MATLAB/SupportPackages/R2020b/toolbox/target/supportpackages/freedomk64f/src/ksdk_armgcc_lib/bm/libksdk_platform.a(fsl_gpio_driver.o)
                0x0000b44c                GPIO_DRV_WritePinOutput
 .text.GPIO_DRV_ReadPinInput
                0x0000b468       0x3c C:/ProgramData/MATLAB/SupportPackages/R2020b/toolbox/target/supportpackages/freedomk64f/src/ksdk_armgcc_lib/bm/libksdk_platform.a(fsl_gpio_driver.o)
                0x0000b468                GPIO_DRV_ReadPinInput
 .text.I2C_HAL_Init
                0x0000b4a4       0x1c C:/ProgramData/MATLAB/SupportPackages/R2020b/toolbox/target/supportpackages/freedomk64f/src/ksdk_armgcc_lib/bm/libksdk_platform.a(fsl_i2c_hal.o)
                0x0000b4a4                I2C_HAL_Init
 .text.I2C_HAL_SetBaudRate
                0x0000b4c0       0x70 C:/ProgramData/MATLAB/SupportPackages/R2020b/toolbox/target/supportpackages/freedomk64f/src/ksdk_armgcc_lib/bm/libksdk_platform.a(fsl_i2c_hal.o)
                0x0000b4c0                I2C_HAL_SetBaudRate
 .text.I2C_HAL_SendStart
                0x0000b530       0x1c C:/ProgramData/MATLAB/SupportPackages/R2020b/toolbox/target/supportpackages/freedomk64f/src/ksdk_armgcc_lib/bm/libksdk_platform.a(fsl_i2c_hal.o)
                0x0000b530                I2C_HAL_SendStart
 .text.I2C_HAL_SendStop
                0x0000b54c       0x4c C:/ProgramData/MATLAB/SupportPackages/R2020b/toolbox/target/supportpackages/freedomk64f/src/ksdk_armgcc_lib/bm/libksdk_platform.a(fsl_i2c_hal.o)
                0x0000b54c                I2C_HAL_SendStop
 .text.LPTMR_HAL_SetTimerWorkingMode
                0x0000b598       0x3c C:/ProgramData/MATLAB/SupportPackages/R2020b/toolbox/target/supportpackages/freedomk64f/src/ksdk_armgcc_lib/bm/libksdk_platform.a(fsl_lptmr_hal.o)
                0x0000b598                LPTMR_HAL_SetTimerWorkingMode
 .text.LPTMR_HAL_SetPrescalerMode
                0x0000b5d4       0x1a C:/ProgramData/MATLAB/SupportPackages/R2020b/toolbox/target/supportpackages/freedomk64f/src/ksdk_armgcc_lib/bm/libksdk_platform.a(fsl_lptmr_hal.o)
                0x0000b5d4                LPTMR_HAL_SetPrescalerMode
 .text.LPTMR_HAL_GetCounterValue
                0x0000b5ee        0xe C:/ProgramData/MATLAB/SupportPackages/R2020b/toolbox/target/supportpackages/freedomk64f/src/ksdk_armgcc_lib/bm/libksdk_platform.a(fsl_lptmr_hal.o)
                0x0000b5ee                LPTMR_HAL_GetCounterValue
 .text.CLOCK_HAL_TestOscFreq
                0x0000b5fc       0x28 C:/ProgramData/MATLAB/SupportPackages/R2020b/toolbox/target/supportpackages/freedomk64f/src/ksdk_armgcc_lib/bm/libksdk_platform.a(fsl_mcg_hal.o)
                0x0000b5fc                CLOCK_HAL_TestOscFreq
 .text.CLOCK_HAL_GetMcgExternalClkFreq
                0x0000b624        0xa C:/ProgramData/MATLAB/SupportPackages/R2020b/toolbox/target/supportpackages/freedomk64f/src/ksdk_armgcc_lib/bm/libksdk_platform.a(fsl_mcg_hal.o)
 .text.CLOCK_HAL_TestFllExternalRefFreq
                0x0000b62e       0x32 C:/ProgramData/MATLAB/SupportPackages/R2020b/toolbox/target/supportpackages/freedomk64f/src/ksdk_armgcc_lib/bm/libksdk_platform.a(fsl_mcg_hal.o)
                0x0000b62e                CLOCK_HAL_TestFllExternalRefFreq
 .text.CLOCK_HAL_GetFllRefClk
                0x0000b660       0x3c C:/ProgramData/MATLAB/SupportPackages/R2020b/toolbox/target/supportpackages/freedomk64f/src/ksdk_armgcc_lib/bm/libksdk_platform.a(fsl_mcg_hal.o)
                0x0000b660                CLOCK_HAL_GetFllRefClk
 .text.CLOCK_HAL_TestFllFreq
                0x0000b69c       0x34 C:/ProgramData/MATLAB/SupportPackages/R2020b/toolbox/target/supportpackages/freedomk64f/src/ksdk_armgcc_lib/bm/libksdk_platform.a(fsl_mcg_hal.o)
                0x0000b69c                CLOCK_HAL_TestFllFreq
 .text.CLOCK_HAL_GetFllClk
                0x0000b6d0       0x36 C:/ProgramData/MATLAB/SupportPackages/R2020b/toolbox/target/supportpackages/freedomk64f/src/ksdk_armgcc_lib/bm/libksdk_platform.a(fsl_mcg_hal.o)
                0x0000b6d0                CLOCK_HAL_GetFllClk
 .text.CLOCK_HAL_UpdateFastClkInternalRefDiv
                0x0000b706       0x52 C:/ProgramData/MATLAB/SupportPackages/R2020b/toolbox/target/supportpackages/freedomk64f/src/ksdk_armgcc_lib/bm/libksdk_platform.a(fsl_mcg_hal.o)
                0x0000b706                CLOCK_HAL_UpdateFastClkInternalRefDiv
 .text.CLOCK_HAL_GetPll0Clk
                0x0000b758       0x3e C:/ProgramData/MATLAB/SupportPackages/R2020b/toolbox/target/supportpackages/freedomk64f/src/ksdk_armgcc_lib/bm/libksdk_platform.a(fsl_mcg_hal.o)
                0x0000b758                CLOCK_HAL_GetPll0Clk
 .text.CLOCK_HAL_EnablePll0InFllMode
                0x0000b796       0x38 C:/ProgramData/MATLAB/SupportPackages/R2020b/toolbox/target/supportpackages/freedomk64f/src/ksdk_armgcc_lib/bm/libksdk_platform.a(fsl_mcg_hal.o)
                0x0000b796                CLOCK_HAL_EnablePll0InFllMode
 *fill*         0x0000b7ce        0x2 
 .text.CLOCK_HAL_GetInternalRefClk
                0x0000b7d0       0x3c C:/ProgramData/MATLAB/SupportPackages/R2020b/toolbox/target/supportpackages/freedomk64f/src/ksdk_armgcc_lib/bm/libksdk_platform.a(fsl_mcg_hal.o)
                0x0000b7d0                CLOCK_HAL_GetInternalRefClk
 .text.CLOCK_HAL_GetOutClk
                0x0000b80c       0x22 C:/ProgramData/MATLAB/SupportPackages/R2020b/toolbox/target/supportpackages/freedomk64f/src/ksdk_armgcc_lib/bm/libksdk_platform.a(fsl_mcg_hal.o)
                0x0000b80c                CLOCK_HAL_GetOutClk
 .text.CLOCK_HAL_GetFixedFreqClk
                0x0000b82e       0x20 C:/ProgramData/MATLAB/SupportPackages/R2020b/toolbox/target/supportpackages/freedomk64f/src/ksdk_armgcc_lib/bm/libksdk_platform.a(fsl_mcg_hal.o)
                0x0000b82e                CLOCK_HAL_GetFixedFreqClk
 .text.CLOCK_HAL_SetOsc0Mode
                0x0000b84e       0x24 C:/ProgramData/MATLAB/SupportPackages/R2020b/toolbox/target/supportpackages/freedomk64f/src/ksdk_armgcc_lib/bm/libksdk_platform.a(fsl_mcg_hal.o)
                0x0000b84e                CLOCK_HAL_SetOsc0Mode
 .text.CLOCK_HAL_PrepareOsc
                0x0000b872       0x2c C:/ProgramData/MATLAB/SupportPackages/R2020b/toolbox/target/supportpackages/freedomk64f/src/ksdk_armgcc_lib/bm/libksdk_platform.a(fsl_mcg_hal_modes.o)
 .text.CLOCK_HAL_GetMcgMode
                0x0000b89e       0x72 C:/ProgramData/MATLAB/SupportPackages/R2020b/toolbox/target/supportpackages/freedomk64f/src/ksdk_armgcc_lib/bm/libksdk_platform.a(fsl_mcg_hal_modes.o)
                0x0000b89e                CLOCK_HAL_GetMcgMode
 .text.CLOCK_HAL_SetFbiMode
                0x0000b910       0xb8 C:/ProgramData/MATLAB/SupportPackages/R2020b/toolbox/target/supportpackages/freedomk64f/src/ksdk_armgcc_lib/bm/libksdk_platform.a(fsl_mcg_hal_modes.o)
                0x0000b910                CLOCK_HAL_SetFbiMode
 .text.CLOCK_HAL_SetFbeMode
                0x0000b9c8       0xea C:/ProgramData/MATLAB/SupportPackages/R2020b/toolbox/target/supportpackages/freedomk64f/src/ksdk_armgcc_lib/bm/libksdk_platform.a(fsl_mcg_hal_modes.o)
                0x0000b9c8                CLOCK_HAL_SetFbeMode
 *fill*         0x0000bab2        0x2 
 .text.CLOCK_HAL_SetPbeMode
                0x0000bab4       0xd0 C:/ProgramData/MATLAB/SupportPackages/R2020b/toolbox/target/supportpackages/freedomk64f/src/ksdk_armgcc_lib/bm/libksdk_platform.a(fsl_mcg_hal_modes.o)
                0x0000bab4                CLOCK_HAL_SetPbeMode
 .text.OSC_HAL_SetCapacitor
                0x0000bb84        0xe C:/ProgramData/MATLAB/SupportPackages/R2020b/toolbox/target/supportpackages/freedomk64f/src/ksdk_armgcc_lib/bm/libksdk_platform.a(fsl_osc_hal.o)
                0x0000bb84                OSC_HAL_SetCapacitor
 .text.CLOCK_HAL_SetOutDiv
                0x0000bb92       0x28 C:/ProgramData/MATLAB/SupportPackages/R2020b/toolbox/target/supportpackages/freedomk64f/src/ksdk_armgcc_lib/bm/libksdk_platform.a(fsl_sim_hal_MK64F12.o)
                0x0000bb92                CLOCK_HAL_SetOutDiv
 *fill*         0x0000bbba        0x2 
 .text.SIM_HAL_GetFtmExternalClkPinMode
                0x0000bbbc       0x50 C:/ProgramData/MATLAB/SupportPackages/R2020b/toolbox/target/supportpackages/freedomk64f/src/ksdk_armgcc_lib/bm/libksdk_platform.a(fsl_sim_hal_MK64F12.o)
                0x0000bbbc                SIM_HAL_GetFtmExternalClkPinMode
 .text.UART_DRV_CompleteSendData
                0x0000bc0c       0x54 C:/ProgramData/MATLAB/SupportPackages/R2020b/toolbox/target/supportpackages/freedomk64f/src/ksdk_armgcc_lib/bm/libksdk_platform.a(fsl_uart_driver.o)
 .text.UART_DRV_CompleteReceiveData
                0x0000bc60       0x5c C:/ProgramData/MATLAB/SupportPackages/R2020b/toolbox/target/supportpackages/freedomk64f/src/ksdk_armgcc_lib/bm/libksdk_platform.a(fsl_uart_driver.o)
 .text.UART_DRV_IRQHandler
                0x0000bcbc       0xdc C:/ProgramData/MATLAB/SupportPackages/R2020b/toolbox/target/supportpackages/freedomk64f/src/ksdk_armgcc_lib/bm/libksdk_platform.a(fsl_uart_driver.o)
                0x0000bcbc                UART_DRV_IRQHandler
 .text.EDMA_HAL_HTCDSetIntCmd
                0x0000bd98       0x14 C:/ProgramData/MATLAB/SupportPackages/R2020b/toolbox/target/supportpackages/freedomk64f/src/ksdk_armgcc_lib/bm/libksdk_platform.a(fsl_uart_edma_driver.o)
 .text.UART_DRV_EdmaCompleteSendData
                0x0000bdac       0x60 C:/ProgramData/MATLAB/SupportPackages/R2020b/toolbox/target/supportpackages/freedomk64f/src/ksdk_armgcc_lib/bm/libksdk_platform.a(fsl_uart_edma_driver.o)
 .text.UART_DRV_EdmaTxCallback
                0x0000be0c        0x4 C:/ProgramData/MATLAB/SupportPackages/R2020b/toolbox/target/supportpackages/freedomk64f/src/ksdk_armgcc_lib/bm/libksdk_platform.a(fsl_uart_edma_driver.o)
 .text.UART_DRV_EdmaCompleteReceiveData
                0x0000be10       0x64 C:/ProgramData/MATLAB/SupportPackages/R2020b/toolbox/target/supportpackages/freedomk64f/src/ksdk_armgcc_lib/bm/libksdk_platform.a(fsl_uart_edma_driver.o)
 .text.UART_DRV_EdmaRxCallback
                0x0000be74        0x4 C:/ProgramData/MATLAB/SupportPackages/R2020b/toolbox/target/supportpackages/freedomk64f/src/ksdk_armgcc_lib/bm/libksdk_platform.a(fsl_uart_edma_driver.o)
 .text.UART_DRV_EdmaStartSendData
                0x0000be78       0x70 C:/ProgramData/MATLAB/SupportPackages/R2020b/toolbox/target/supportpackages/freedomk64f/src/ksdk_armgcc_lib/bm/libksdk_platform.a(fsl_uart_edma_driver.o)
 .text.UART_DRV_EdmaInit
                0x0000bee8      0x23c C:/ProgramData/MATLAB/SupportPackages/R2020b/toolbox/target/supportpackages/freedomk64f/src/ksdk_armgcc_lib/bm/libksdk_platform.a(fsl_uart_edma_driver.o)
                0x0000bee8                UART_DRV_EdmaInit
 .text.UART_DRV_EdmaSendData
                0x0000c124       0x48 C:/ProgramData/MATLAB/SupportPackages/R2020b/toolbox/target/supportpackages/freedomk64f/src/ksdk_armgcc_lib/bm/libksdk_platform.a(fsl_uart_edma_driver.o)
                0x0000c124                UART_DRV_EdmaSendData
 .text.UART_DRV_EdmaGetTransmitStatus
                0x0000c16c       0x58 C:/ProgramData/MATLAB/SupportPackages/R2020b/toolbox/target/supportpackages/freedomk64f/src/ksdk_armgcc_lib/bm/libksdk_platform.a(fsl_uart_edma_driver.o)
                0x0000c16c                UART_DRV_EdmaGetTransmitStatus
 .text.DMAMUX_HAL_Init
                0x0000c1c4       0x1e C:/ProgramData/MATLAB/SupportPackages/R2020b/toolbox/target/supportpackages/freedomk64f/src/ksdk_armgcc_lib/bm/libksdk_platform.a(fsl_dmamux_hal.o)
                0x0000c1c4                DMAMUX_HAL_Init
 *fill*         0x0000c1e2        0x2 
 .text.unlikely.FTM_HAL_SetChnEdgeLevel.part.0
                0x0000c1e4       0x1c C:/ProgramData/MATLAB/SupportPackages/R2020b/toolbox/target/supportpackages/freedomk64f/src/ksdk_armgcc_lib/bm/libksdk_platform.a(fsl_ftm_hal.o)
 .text.FTM_HAL_Init
                0x0000c200       0x38 C:/ProgramData/MATLAB/SupportPackages/R2020b/toolbox/target/supportpackages/freedomk64f/src/ksdk_armgcc_lib/bm/libksdk_platform.a(fsl_ftm_hal.o)
                0x0000c200                FTM_HAL_Init
 .text.FTM_HAL_SetSyncMode
                0x0000c238       0x94 C:/ProgramData/MATLAB/SupportPackages/R2020b/toolbox/target/supportpackages/freedomk64f/src/ksdk_armgcc_lib/bm/libksdk_platform.a(fsl_ftm_hal.o)
                0x0000c238                FTM_HAL_SetSyncMode
 .text.FTM_HAL_Reset
                0x0000c2cc       0x3e C:/ProgramData/MATLAB/SupportPackages/R2020b/toolbox/target/supportpackages/freedomk64f/src/ksdk_armgcc_lib/bm/libksdk_platform.a(fsl_ftm_hal.o)
                0x0000c2cc                FTM_HAL_Reset
 .text.FTM_HAL_GetChnPairIndex
                0x0000c30a       0x1e C:/ProgramData/MATLAB/SupportPackages/R2020b/toolbox/target/supportpackages/freedomk64f/src/ksdk_armgcc_lib/bm/libksdk_platform.a(fsl_ftm_hal.o)
                0x0000c30a                FTM_HAL_GetChnPairIndex
 .text.FTM_HAL_EnablePwmMode
                0x0000c328       0xcc C:/ProgramData/MATLAB/SupportPackages/R2020b/toolbox/target/supportpackages/freedomk64f/src/ksdk_armgcc_lib/bm/libksdk_platform.a(fsl_ftm_hal.o)
                0x0000c328                FTM_HAL_EnablePwmMode
 .text.GPIO_HAL_SetPinDir
                0x0000c3f4       0x34 C:/ProgramData/MATLAB/SupportPackages/R2020b/toolbox/target/supportpackages/freedomk64f/src/ksdk_armgcc_lib/bm/libksdk_platform.a(fsl_gpio_hal.o)
                0x0000c3f4                GPIO_HAL_SetPinDir
 .text.GPIO_HAL_WritePinOutput
                0x0000c428       0x30 C:/ProgramData/MATLAB/SupportPackages/R2020b/toolbox/target/supportpackages/freedomk64f/src/ksdk_armgcc_lib/bm/libksdk_platform.a(fsl_gpio_hal.o)
                0x0000c428                GPIO_HAL_WritePinOutput
 .text.UART_HAL_Init
                0x0000c458       0x2a C:/ProgramData/MATLAB/SupportPackages/R2020b/toolbox/target/supportpackages/freedomk64f/src/ksdk_armgcc_lib/bm/libksdk_platform.a(fsl_uart_hal.o)
                0x0000c458                UART_HAL_Init
 .text.UART_HAL_SetBaudRate
                0x0000c482       0x42 C:/ProgramData/MATLAB/SupportPackages/R2020b/toolbox/target/supportpackages/freedomk64f/src/ksdk_armgcc_lib/bm/libksdk_platform.a(fsl_uart_hal.o)
                0x0000c482                UART_HAL_SetBaudRate
 .text.UART_HAL_SetParityMode
                0x0000c4c4       0x14 C:/ProgramData/MATLAB/SupportPackages/R2020b/toolbox/target/supportpackages/freedomk64f/src/ksdk_armgcc_lib/bm/libksdk_platform.a(fsl_uart_hal.o)
                0x0000c4c4                UART_HAL_SetParityMode
 .text.UART_HAL_Putchar
                0x0000c4d8        0x6 C:/ProgramData/MATLAB/SupportPackages/R2020b/toolbox/target/supportpackages/freedomk64f/src/ksdk_armgcc_lib/bm/libksdk_platform.a(fsl_uart_hal.o)
                0x0000c4d8                UART_HAL_Putchar
 .text.UART_HAL_Getchar
                0x0000c4de        0x8 C:/ProgramData/MATLAB/SupportPackages/R2020b/toolbox/target/supportpackages/freedomk64f/src/ksdk_armgcc_lib/bm/libksdk_platform.a(fsl_uart_hal.o)
                0x0000c4de                UART_HAL_Getchar
 .text.UART_HAL_SetIntMode
                0x0000c4e6       0x66 C:/ProgramData/MATLAB/SupportPackages/R2020b/toolbox/target/supportpackages/freedomk64f/src/ksdk_armgcc_lib/bm/libksdk_platform.a(fsl_uart_hal.o)
                0x0000c4e6                UART_HAL_SetIntMode
 .text.UART_HAL_SetTxDmaCmd
                0x0000c54c       0x24 C:/ProgramData/MATLAB/SupportPackages/R2020b/toolbox/target/supportpackages/freedomk64f/src/ksdk_armgcc_lib/bm/libksdk_platform.a(fsl_uart_hal.o)
                0x0000c54c                UART_HAL_SetTxDmaCmd
 .text.UART_HAL_SetRxDmaCmd
                0x0000c570       0x16 C:/ProgramData/MATLAB/SupportPackages/R2020b/toolbox/target/supportpackages/freedomk64f/src/ksdk_armgcc_lib/bm/libksdk_platform.a(fsl_uart_hal.o)
                0x0000c570                UART_HAL_SetRxDmaCmd
 .text.UART_HAL_GetStatusFlag
                0x0000c586       0x2a C:/ProgramData/MATLAB/SupportPackages/R2020b/toolbox/target/supportpackages/freedomk64f/src/ksdk_armgcc_lib/bm/libksdk_platform.a(fsl_uart_hal.o)
                0x0000c586                UART_HAL_GetStatusFlag
 .text.UART_HAL_ClearStatusFlag
                0x0000c5b0       0x64 C:/ProgramData/MATLAB/SupportPackages/R2020b/toolbox/target/supportpackages/freedomk64f/src/ksdk_armgcc_lib/bm/libksdk_platform.a(fsl_uart_hal.o)
                0x0000c5b0                UART_HAL_ClearStatusFlag
 *fill*         0x0000c614        0x4 
 .text.ceil     0x0000c618      0x110 c:/progra~3/matlab/suppor~1/r2020b/3p778c~1.ins/gnuarm~1.ins/win/bin/../lib/gcc/arm-none-eabi/7.2.1/../../../../arm-none-eabi/lib/thumb/v7e-m/fpv4-sp/hard\libm.a(lib_a-s_ceil.o)
                0x0000c618                ceil
 .text.fabs     0x0000c728       0x14 c:/progra~3/matlab/suppor~1/r2020b/3p778c~1.ins/gnuarm~1.ins/win/bin/../lib/gcc/arm-none-eabi/7.2.1/../../../../arm-none-eabi/lib/thumb/v7e-m/fpv4-sp/hard\libm.a(lib_a-s_fabs.o)
                0x0000c728                fabs
 *fill*         0x0000c73c        0x4 
 .text.floor    0x0000c740      0x110 c:/progra~3/matlab/suppor~1/r2020b/3p778c~1.ins/gnuarm~1.ins/win/bin/../lib/gcc/arm-none-eabi/7.2.1/../../../../arm-none-eabi/lib/thumb/v7e-m/fpv4-sp/hard\libm.a(lib_a-s_floor.o)
                0x0000c740                floor
 .text.abort    0x0000c850       0x10 c:/progra~3/matlab/suppor~1/r2020b/3p778c~1.ins/gnuarm~1.ins/win/bin/../lib/gcc/arm-none-eabi/7.2.1/../../../../arm-none-eabi/lib/thumb/v7e-m/fpv4-sp/hard\libg.a(lib_a-abort.o)
                0x0000c850                abort
 .text.__assert_func
                0x0000c860       0x3c c:/progra~3/matlab/suppor~1/r2020b/3p778c~1.ins/gnuarm~1.ins/win/bin/../lib/gcc/arm-none-eabi/7.2.1/../../../../arm-none-eabi/lib/thumb/v7e-m/fpv4-sp/hard\libg.a(lib_a-assert.o)
                0x0000c860                __assert_func
 .text.atexit   0x0000c89c        0xc c:/progra~3/matlab/suppor~1/r2020b/3p778c~1.ins/gnuarm~1.ins/win/bin/../lib/gcc/arm-none-eabi/7.2.1/../../../../arm-none-eabi/lib/thumb/v7e-m/fpv4-sp/hard\libg.a(lib_a-atexit.o)
                0x0000c89c                atexit
 .text.__errno  0x0000c8a8        0xc c:/progra~3/matlab/suppor~1/r2020b/3p778c~1.ins/gnuarm~1.ins/win/bin/../lib/gcc/arm-none-eabi/7.2.1/../../../../arm-none-eabi/lib/thumb/v7e-m/fpv4-sp/hard\libg.a(lib_a-errno.o)
                0x0000c8a8                __errno
 .text.exit     0x0000c8b4       0x20 c:/progra~3/matlab/suppor~1/r2020b/3p778c~1.ins/gnuarm~1.ins/win/bin/../lib/gcc/arm-none-eabi/7.2.1/../../../../arm-none-eabi/lib/thumb/v7e-m/fpv4-sp/hard\libg.a(lib_a-exit.o)
                0x0000c8b4                exit
 .text.__libc_fini_array
                0x0000c8d4       0x34 c:/progra~3/matlab/suppor~1/r2020b/3p778c~1.ins/gnuarm~1.ins/win/bin/../lib/gcc/arm-none-eabi/7.2.1/../../../../arm-none-eabi/lib/thumb/v7e-m/fpv4-sp/hard\libg.a(lib_a-fini.o)
                0x0000c8d4                __libc_fini_array
 .text.fiprintf
                0x0000c908       0x28 c:/progra~3/matlab/suppor~1/r2020b/3p778c~1.ins/gnuarm~1.ins/win/bin/../lib/gcc/arm-none-eabi/7.2.1/../../../../arm-none-eabi/lib/thumb/v7e-m/fpv4-sp/hard\libg.a(lib_a-fiprintf.o)
                0x0000c908                fiprintf
 .text.__libc_init_array
                0x0000c930       0x48 c:/progra~3/matlab/suppor~1/r2020b/3p778c~1.ins/gnuarm~1.ins/win/bin/../lib/gcc/arm-none-eabi/7.2.1/../../../../arm-none-eabi/lib/thumb/v7e-m/fpv4-sp/hard\libg.a(lib_a-init.o)
                0x0000c930                __libc_init_array
 .text.malloc   0x0000c978       0x10 c:/progra~3/matlab/suppor~1/r2020b/3p778c~1.ins/gnuarm~1.ins/win/bin/../lib/gcc/arm-none-eabi/7.2.1/../../../../arm-none-eabi/lib/thumb/v7e-m/fpv4-sp/hard\libg.a(lib_a-malloc.o)
                0x0000c978                malloc
 .text.free     0x0000c988       0x10 c:/progra~3/matlab/suppor~1/r2020b/3p778c~1.ins/gnuarm~1.ins/win/bin/../lib/gcc/arm-none-eabi/7.2.1/../../../../arm-none-eabi/lib/thumb/v7e-m/fpv4-sp/hard\libg.a(lib_a-malloc.o)
                0x0000c988                free
 .text._malloc_r
                0x0000c998      0x548 c:/progra~3/matlab/suppor~1/r2020b/3p778c~1.ins/gnuarm~1.ins/win/bin/../lib/gcc/arm-none-eabi/7.2.1/../../../../arm-none-eabi/lib/thumb/v7e-m/fpv4-sp/hard\libg.a(lib_a-mallocr.o)
                0x0000c998                _malloc_r
 .text.memset   0x0000cee0       0x94 c:/progra~3/matlab/suppor~1/r2020b/3p778c~1.ins/gnuarm~1.ins/win/bin/../lib/gcc/arm-none-eabi/7.2.1/../../../../arm-none-eabi/lib/thumb/v7e-m/fpv4-sp/hard\libg.a(lib_a-memset.o)
                0x0000cee0                memset
 .text.__malloc_lock
                0x0000cf74        0xc c:/progra~3/matlab/suppor~1/r2020b/3p778c~1.ins/gnuarm~1.ins/win/bin/../lib/gcc/arm-none-eabi/7.2.1/../../../../arm-none-eabi/lib/thumb/v7e-m/fpv4-sp/hard\libg.a(lib_a-mlock.o)
                0x0000cf74                __malloc_lock
 .text.__malloc_unlock
                0x0000cf80        0xc c:/progra~3/matlab/suppor~1/r2020b/3p778c~1.ins/gnuarm~1.ins/win/bin/../lib/gcc/arm-none-eabi/7.2.1/../../../../arm-none-eabi/lib/thumb/v7e-m/fpv4-sp/hard\libg.a(lib_a-mlock.o)
                0x0000cf80                __malloc_unlock
 .text._sbrk_r  0x0000cf8c       0x24 c:/progra~3/matlab/suppor~1/r2020b/3p778c~1.ins/gnuarm~1.ins/win/bin/../lib/gcc/arm-none-eabi/7.2.1/../../../../arm-none-eabi/lib/thumb/v7e-m/fpv4-sp/hard\libg.a(lib_a-sbrkr.o)
                0x0000cf8c                _sbrk_r
 .text._raise_r
                0x0000cfb0       0x58 c:/progra~3/matlab/suppor~1/r2020b/3p778c~1.ins/gnuarm~1.ins/win/bin/../lib/gcc/arm-none-eabi/7.2.1/../../../../arm-none-eabi/lib/thumb/v7e-m/fpv4-sp/hard\libg.a(lib_a-signal.o)
                0x0000cfb0                _raise_r
 .text.raise    0x0000d008       0x10 c:/progra~3/matlab/suppor~1/r2020b/3p778c~1.ins/gnuarm~1.ins/win/bin/../lib/gcc/arm-none-eabi/7.2.1/../../../../arm-none-eabi/lib/thumb/v7e-m/fpv4-sp/hard\libg.a(lib_a-signal.o)
                0x0000d008                raise
 .text._kill_r  0x0000d018       0x28 c:/progra~3/matlab/suppor~1/r2020b/3p778c~1.ins/gnuarm~1.ins/win/bin/../lib/gcc/arm-none-eabi/7.2.1/../../../../arm-none-eabi/lib/thumb/v7e-m/fpv4-sp/hard\libg.a(lib_a-signalr.o)
                0x0000d018                _kill_r
 .text._getpid_r
                0x0000d040        0x4 c:/progra~3/matlab/suppor~1/r2020b/3p778c~1.ins/gnuarm~1.ins/win/bin/../lib/gcc/arm-none-eabi/7.2.1/../../../../arm-none-eabi/lib/thumb/v7e-m/fpv4-sp/hard\libg.a(lib_a-signalr.o)
                0x0000d040                _getpid_r
 .text.__sprint_r.part.0
                0x0000d044       0x78 c:/progra~3/matlab/suppor~1/r2020b/3p778c~1.ins/gnuarm~1.ins/win/bin/../lib/gcc/arm-none-eabi/7.2.1/../../../../arm-none-eabi/lib/thumb/v7e-m/fpv4-sp/hard\libg.a(lib_a-vfiprintf.o)
 .text._vfiprintf_r
                0x0000d0bc      0xc24 c:/progra~3/matlab/suppor~1/r2020b/3p778c~1.ins/gnuarm~1.ins/win/bin/../lib/gcc/arm-none-eabi/7.2.1/../../../../arm-none-eabi/lib/thumb/v7e-m/fpv4-sp/hard\libg.a(lib_a-vfiprintf.o)
                0x0000d0bc                _vfiprintf_r
 .text.__sbprintf
                0x0000dce0       0x84 c:/progra~3/matlab/suppor~1/r2020b/3p778c~1.ins/gnuarm~1.ins/win/bin/../lib/gcc/arm-none-eabi/7.2.1/../../../../arm-none-eabi/lib/thumb/v7e-m/fpv4-sp/hard\libg.a(lib_a-vfiprintf.o)
 .text.__swsetup_r
                0x0000dd64       0xcc c:/progra~3/matlab/suppor~1/r2020b/3p778c~1.ins/gnuarm~1.ins/win/bin/../lib/gcc/arm-none-eabi/7.2.1/../../../../arm-none-eabi/lib/thumb/v7e-m/fpv4-sp/hard\libg.a(lib_a-wsetup.o)
                0x0000dd64                __swsetup_r
 .text.__register_exitproc
                0x0000de30       0xc0 c:/progra~3/matlab/suppor~1/r2020b/3p778c~1.ins/gnuarm~1.ins/win/bin/../lib/gcc/arm-none-eabi/7.2.1/../../../../arm-none-eabi/lib/thumb/v7e-m/fpv4-sp/hard\libg.a(lib_a-__atexit.o)
                0x0000de30                __register_exitproc
 .text.startup.register_fini
                0x0000def0       0x14 c:/progra~3/matlab/suppor~1/r2020b/3p778c~1.ins/gnuarm~1.ins/win/bin/../lib/gcc/arm-none-eabi/7.2.1/../../../../arm-none-eabi/lib/thumb/v7e-m/fpv4-sp/hard\libg.a(lib_a-__call_atexit.o)
 .text.__call_exitprocs